Archive member included to satisfy reference by file (symbol)

app/libapp.a(main.c.obj)      (--whole-archive)
zephyr/libzephyr.a(validate_libc.c.obj)
                              (--whole-archive)
zephyr/libzephyr.a(heap.c.obj)
                              (--whole-archive)
zephyr/libzephyr.a(cbprintf_packaged.c.obj)
                              (--whole-archive)
zephyr/libzephyr.a(clock.c.obj)
                              (--whole-archive)
zephyr/libzephyr.a(printk.c.obj)
                              (--whole-archive)
zephyr/libzephyr.a(sem.c.obj)
                              (--whole-archive)
zephyr/libzephyr.a(thread_entry.c.obj)
                              (--whole-archive)
zephyr/libzephyr.a(cbprintf_complete.c.obj)
                              (--whole-archive)
zephyr/libzephyr.a(assert.c.obj)
                              (--whole-archive)
zephyr/libzephyr.a(dec.c.obj)
                              (--whole-archive)
zephyr/libzephyr.a(hex.c.obj)
                              (--whole-archive)
zephyr/libzephyr.a(rb.c.obj)  (--whole-archive)
zephyr/libzephyr.a(timeutil.c.obj)
                              (--whole-archive)
zephyr/libzephyr.a(bitarray.c.obj)
                              (--whole-archive)
zephyr/libzephyr.a(bitmask.c.obj)
                              (--whole-archive)
zephyr/libzephyr.a(getopt.c.obj)
                              (--whole-archive)
zephyr/libzephyr.a(getopt_common.c.obj)
                              (--whole-archive)
zephyr/libzephyr.a(ring_buffer.c.obj)
                              (--whole-archive)
zephyr/libzephyr.a(last_section_id.c.obj)
                              (--whole-archive)
zephyr/libzephyr.a(configs.c.obj)
                              (--whole-archive)
zephyr/libzephyr.a(soc_irq.S.obj)
                              (--whole-archive)
zephyr/libzephyr.a(soc_common_irq.c.obj)
                              (--whole-archive)
zephyr/libzephyr.a(vector.S.obj)
                              (--whole-archive)
zephyr/libzephyr.a(clock.c.obj)
                              (--whole-archive)
zephyr/libzephyr.a(tracing_none.c.obj)
                              (--whole-archive)
zephyr/arch/common/libarch__common.a(sw_isr_common.c.obj)
                              (--whole-archive)
zephyr/arch/common/libarch__common.a(init.c.obj)
                              (--whole-archive)
zephyr/arch/common/libarch__common.a(multilevel_irq.c.obj)
                              (--whole-archive)
zephyr/arch/arch/riscv/core/libarch__riscv__core.a(cpu_idle.c.obj)
                              (--whole-archive)
zephyr/arch/arch/riscv/core/libarch__riscv__core.a(fatal.c.obj)
                              (--whole-archive)
zephyr/arch/arch/riscv/core/libarch__riscv__core.a(irq_manage.c.obj)
                              (--whole-archive)
zephyr/arch/arch/riscv/core/libarch__riscv__core.a(prep_c.c.obj)
                              (--whole-archive)
zephyr/arch/arch/riscv/core/libarch__riscv__core.a(reboot.c.obj)
                              (--whole-archive)
zephyr/arch/arch/riscv/core/libarch__riscv__core.a(reset.S.obj)
                              (--whole-archive)
zephyr/arch/arch/riscv/core/libarch__riscv__core.a(switch.S.obj)
                              (--whole-archive)
zephyr/arch/arch/riscv/core/libarch__riscv__core.a(thread.c.obj)
                              (--whole-archive)
zephyr/arch/arch/riscv/core/libarch__riscv__core.a(isr.S.obj)
                              (--whole-archive)
zephyr/arch/arch/riscv/core/libarch__riscv__core.a(tls.c.obj)
                              (--whole-archive)
zephyr/arch/arch/riscv/core/libarch__riscv__core.a(stacktrace.c.obj)
                              (--whole-archive)
zephyr/lib/libc/picolibc/liblib__libc__picolibc.a(assert.c.obj)
                              (--whole-archive)
zephyr/lib/libc/picolibc/liblib__libc__picolibc.a(cbprintf.c.obj)
                              (--whole-archive)
zephyr/lib/libc/picolibc/liblib__libc__picolibc.a(chk_fail.c.obj)
                              (--whole-archive)
zephyr/lib/libc/picolibc/liblib__libc__picolibc.a(errno_wrap.c.obj)
                              (--whole-archive)
zephyr/lib/libc/picolibc/liblib__libc__picolibc.a(exit.c.obj)
                              (--whole-archive)
zephyr/lib/libc/picolibc/liblib__libc__picolibc.a(locks.c.obj)
                              (--whole-archive)
zephyr/lib/libc/picolibc/liblib__libc__picolibc.a(stdio.c.obj)
                              (--whole-archive)
zephyr/lib/libc/common/liblib__libc__common.a(abort.c.obj)
                              (--whole-archive)
zephyr/lib/libc/common/liblib__libc__common.a(time.c.obj)
                              (--whole-archive)
zephyr/lib/libc/common/liblib__libc__common.a(malloc.c.obj)
                              (--whole-archive)
zephyr/lib/posix/c_lib_ext/liblib__posix__c_lib_ext.a(fnmatch.c.obj)
                              (--whole-archive)
[...]
Memory Configuration

Name             Origin             Length             Attributes
RAM              0x0000000090000000 0x0000000000100000 xrw
IDT_LIST         0x00000000fffff000 0x0000000000001000 xw
*default*        0x0000000000000000 0xffffffffffffffff

Linker script and memory map

                0x00000000900021be                vfprintf = __l_vfprintf
                0x0000000000000000                vfscanf = __l_vfscanf
LOAD zephyr/CMakeFiles/zephyr_pre0.dir/misc/empty_file.c.obj
LOAD zephyr/CMakeFiles/offsets.dir/./arch/riscv/core/offsets/offsets.c.obj
LOAD app/libapp.a
LOAD zephyr/libzephyr.a
LOAD zephyr/arch/common/libarch__common.a
LOAD zephyr/arch/arch/riscv/core/libarch__riscv__core.a
LOAD zephyr/lib/libc/picolibc/liblib__libc__picolibc.a
LOAD zephyr/lib/libc/common/liblib__libc__common.a
LOAD zephyr/lib/posix/c_lib_ext/liblib__posix__c_lib_ext.a
LOAD zephyr/drivers/interrupt_controller/libdrivers__interrupt_controller.a
LOAD zephyr/drivers/console/libdrivers__console.a
LOAD zephyr/drivers/pinctrl/libdrivers__pinctrl.a
LOAD zephyr/drivers/serial/libdrivers__serial.a
LOAD zephyr/drivers/timer/libdrivers__timer.a
LOAD zephyr/kernel/libkernel.a
LOAD zephyr/arch/common/libisr_tables.a
LOAD /home/ubuntu/zephyr-sdk-0.16.8/riscv64-zephyr-elf/bin/../lib/gcc/../../picolibc/riscv64-zephyr-elf/lib/rv32imac_zicsr_zifencei/ilp32/libc.a
LOAD /home/ubuntu/zephyr-sdk-0.16.8/riscv64-zephyr-elf/bin/../lib/gcc/riscv64-zephyr-elf/12.2.0/rv32imac_zicsr_zifencei/ilp32/libgcc.a

.rel.plt        0x0000000000000000        0x0
 *(SORT_BY_ALIGNMENT(.rel.plt))
                [!provide]                        PROVIDE (__rel_iplt_start = .)
 *(SORT_BY_ALIGNMENT(.rel.iplt))
                [!provide]                        PROVIDE (__rel_iplt_end = .)

.rela.plt       0x0000000000000000        0x0
 *(SORT_BY_ALIGNMENT(.rela.plt))
                [!provide]                        PROVIDE (__rela_iplt_start = .)
 *(SORT_BY_ALIGNMENT(.rela.iplt))
                [!provide]                        PROVIDE (__rela_iplt_end = .)

.rel.dyn
 *(SORT_BY_ALIGNMENT(.rel.*))

.rela.dyn       0x0000000090000000        0x0
 *(SORT_BY_ALIGNMENT(.rela.*))
 .rela.sdata._char_out
                0x0000000090000000        0x0 app/libapp.a(main.c.obj)
 .rela.vectors.__start
                0x0000000090000000        0x0 app/libapp.a(main.c.obj)
 .rela.text.arch_bss_zero
                0x0000000090000000        0x0 app/libapp.a(main.c.obj)
 .rela.exception.entry._isr_wrapper
                0x0000000090000000        0x0 app/libapp.a(main.c.obj)
 .rela.text.arch_tls_stack_setup
                0x0000000090000000        0x0 app/libapp.a(main.c.obj)
 .rela.text.walk_stackframe
                0x0000000090000000        0x0 app/libapp.a(main.c.obj)
 .rela.text.malloc_prepare
                0x0000000090000000        0x0 app/libapp.a(main.c.obj)
 .rela.text.bg_thread_main
                0x0000000090000000        0x0 app/libapp.a(main.c.obj)
 .rela.rodata.levels.0
                0x0000000090000000        0x0 app/libapp.a(main.c.obj)

.plt
 *(SORT_BY_ALIGNMENT(.plt))

.iplt
 *(SORT_BY_ALIGNMENT(.iplt))
                0x0000000090000000                __rom_region_start = 0x90000000

rom_start       0x0000000090000000       0x18
                0x0000000090000000                . = ALIGN (0x10)
                0x0000000090000000                __rom_start_address = .
 FILL mask 0x00
                0x0000000090000000                . = (. + (0x0 - (. - __rom_start_address)))
                0x0000000090000000                . = ALIGN (0x4)
 *(SORT_BY_ALIGNMENT(.vectors.*))
 .vectors.__start
                0x0000000090000000       0x18 zephyr/libzephyr.a(vector.S.obj)
                0x0000000090000000                __start

reset           0x0000000090000018        0x4
 *(SORT_BY_ALIGNMENT(.reset.*))
 .reset.__reset
                0x0000000090000018        0x4 zephyr/arch/arch/riscv/core/libarch__riscv__core.a(reset.S.obj)
                0x0000000090000018                __reset

exceptions      0x000000009000001c      0x16e
 *(SORT_BY_ALIGNMENT(.exception.entry.*))
 .exception.entry._isr_wrapper
                0x000000009000001c      0x15e zephyr/arch/arch/riscv/core/libarch__riscv__core.a(isr.S.obj)
                0x000000009000001c                _isr_wrapper
                0x0000000090000140                z_riscv_thread_start
 *(SORT_BY_ALIGNMENT(.exception.other.*))
 *fill*         0x000000009000017a        0x2 
 .exception.other.__soc_handle_irq
                0x000000009000017c        0xe zephyr/libzephyr.a(soc_irq.S.obj)
                0x000000009000017c                __soc_handle_irq

text            0x000000009000018c     0x2558
                0x000000009000018c                . = ALIGN (0x4)
 *(SORT_BY_ALIGNMENT(.openocd_debug))
 *(SORT_BY_ALIGNMENT(.openocd_debug.*))
                0x000000009000018c                __text_region_start = .
 *(SORT_BY_ALIGNMENT(.text))
 .text          0x000000009000018c       0x3c /home/ubuntu/zephyr-sdk-0.16.8/riscv64-zephyr-elf/bin/../lib/gcc/riscv64-zephyr-elf/12.2.0/rv32imac_zicsr_zifencei/ilp32/libgcc.a(_clzsi2.o)
                0x000000009000018c                __clzsi2
 .text          0x00000000900001c8      0x35e /home/ubuntu/zephyr-sdk-0.16.8/riscv64-zephyr-elf/bin/../lib/gcc/riscv64-zephyr-elf/12.2.0/rv32imac_zicsr_zifencei/ilp32/libgcc.a(_udivdi3.o)
                0x00000000900001c8                __udivdi3
 *(SORT_BY_ALIGNMENT(.text.*))
 *fill*         0x0000000090000526        0x2 
 .text.__initialize
                0x0000000090000528       0x28 zephyr/arch/arch/riscv/core/libarch__riscv__core.a(reset.S.obj)
                0x0000000090000528                __initialize
 *fill*         0x0000000090000550        0x0 
 .text.z_riscv_switch
                0x0000000090000550       0x72 zephyr/arch/arch/riscv/core/libarch__riscv__core.a(switch.S.obj)
                0x0000000090000550                z_riscv_switch
 .text._OffsetAbsSyms
                0x00000000900005c2        0x2 zephyr/CMakeFiles/offsets.dir/./arch/riscv/core/offsets/offsets.c.obj
                0x00000000900005c2                _OffsetAbsSyms
 .text.main     0x00000000900005c4       0x20 app/libapp.a(main.c.obj)
                0x00000000900005c4                main
 .text.chunk_field
                0x00000000900005e4       0x1e zephyr/libzephyr.a(heap.c.obj)
 .text.chunk_set
                0x0000000090000602       0x1e zephyr/libzephyr.a(heap.c.obj)
 .text.chunk_size
                0x0000000090000620       0x10 zephyr/libzephyr.a(heap.c.obj)
 .text.set_chunk_used
                0x0000000090000630       0x30 zephyr/libzephyr.a(heap.c.obj)
 .text.set_chunk_size
                0x0000000090000660        0x8 zephyr/libzephyr.a(heap.c.obj)
 .text.bucket_idx
                0x0000000090000668       0x2a zephyr/libzephyr.a(heap.c.obj)
 .text.free_list_add
                0x0000000090000692       0xa2 zephyr/libzephyr.a(heap.c.obj)
 .text.sys_heap_init
                0x0000000090000734       0xb8 zephyr/libzephyr.a(heap.c.obj)
                0x0000000090000734                sys_heap_init
 .text.arch_printk_char_out
                0x00000000900007ec        0x4 zephyr/libzephyr.a(printk.c.obj)
                0x00000000900007ec                arch_printk_char_out
 .text.char_out
                0x00000000900007f0        0xa zephyr/libzephyr.a(printk.c.obj)
 .text.__printk_hook_install
                0x00000000900007fa        0xa zephyr/libzephyr.a(printk.c.obj)
                0x00000000900007fa                __printk_hook_install
 .text.vprintk  0x0000000090000804       0x2c zephyr/libzephyr.a(printk.c.obj)
                0x0000000090000804                vprintk
 .text.printk   0x0000000090000830       0x1e zephyr/libzephyr.a(printk.c.obj)
                0x0000000090000830                printk
 .text.z_thread_entry
                0x000000009000084e       0x2a zephyr/libzephyr.a(thread_entry.c.obj)
                0x000000009000084e                z_thread_entry
 .text._ConfigAbsSyms
                0x0000000090000878        0x2 zephyr/libzephyr.a(configs.c.obj)
                0x0000000090000878                _ConfigAbsSyms
 .text.arch_irq_enable
                0x000000009000087a       0x18 zephyr/libzephyr.a(soc_common_irq.c.obj)
                0x000000009000087a                arch_irq_enable
 .text.z_riscv_irq_priority_set
                0x0000000090000892        0xe zephyr/libzephyr.a(soc_common_irq.c.obj)
                0x0000000090000892                z_riscv_irq_priority_set
 .text.soc_interrupt_init
                0x00000000900008a0        0xe zephyr/libzephyr.a(soc_common_irq.c.obj)
                0x00000000900008a0                soc_interrupt_init
 .text.soc_early_init_hook
                0x00000000900008ae       0x26 zephyr/libzephyr.a(clock.c.obj)
                0x00000000900008ae                soc_early_init_hook
 .text.sys_trace_idle
                0x00000000900008d4        0x2 zephyr/libzephyr.a(tracing_none.c.obj)
                0x00000000900008d4                sys_trace_idle
 .text.sys_trace_idle_exit
                0x00000000900008d6        0x2 zephyr/libzephyr.a(tracing_none.c.obj)
                0x00000000900008d6                sys_trace_idle_exit
 .text.arch_early_memset
                0x00000000900008d8        0x4 zephyr/arch/common/libarch__common.a(init.c.obj)
                0x00000000900008d8                arch_early_memset
 .text.arch_bss_zero
                0x00000000900008dc       0x14 zephyr/arch/common/libarch__common.a(init.c.obj)
                0x00000000900008dc                arch_bss_zero
 .text.arch_cpu_idle
                0x00000000900008f0       0x18 zephyr/arch/arch/riscv/core/libarch__riscv__core.a(cpu_idle.c.obj)
                0x00000000900008f0                arch_cpu_idle
 .text.z_riscv_get_sp_before_exc
                0x0000000090000908        0x6 zephyr/arch/arch/riscv/core/libarch__riscv__core.a(fatal.c.obj)
                0x0000000090000908                z_riscv_get_sp_before_exc
 .text.z_riscv_fatal_error
                0x000000009000090e      0x170 zephyr/arch/arch/riscv/core/libarch__riscv__core.a(fatal.c.obj)
                0x000000009000090e                z_riscv_fatal_error
 .text.z_riscv_fault
                0x0000000090000a7e        0xa zephyr/arch/arch/riscv/core/libarch__riscv__core.a(fatal.c.obj)
                0x0000000090000a7e                z_riscv_fault
 .text.z_irq_spurious
                0x0000000090000a88       0x1c zephyr/arch/arch/riscv/core/libarch__riscv__core.a(irq_manage.c.obj)
                0x0000000090000a88                z_irq_spurious
 .text.z_prep_c
                0x0000000090000aa4        0xc zephyr/arch/arch/riscv/core/libarch__riscv__core.a(prep_c.c.obj)
                0x0000000090000aa4                z_prep_c
 .text.arch_new_thread
                0x0000000090000ab0       0x34 zephyr/arch/arch/riscv/core/libarch__riscv__core.a(thread.c.obj)
                0x0000000090000ab0                arch_new_thread
 .text.arch_coprocessors_disable
                0x0000000090000ae4        0x6 zephyr/arch/arch/riscv/core/libarch__riscv__core.a(thread.c.obj)
                0x0000000090000ae4                arch_coprocessors_disable
 .text.arch_tls_stack_setup
                0x0000000090000aea       0x54 zephyr/arch/arch/riscv/core/libarch__riscv__core.a(tls.c.obj)
                0x0000000090000aea                arch_tls_stack_setup
 .text.in_stack_bound
                0x0000000090000b3e       0x38 zephyr/arch/arch/riscv/core/libarch__riscv__core.a(stacktrace.c.obj)
 .text.walk_stackframe
                0x0000000090000b76       0xc0 zephyr/arch/arch/riscv/core/libarch__riscv__core.a(stacktrace.c.obj)
 .text.print_trace_address
                0x0000000090000c36       0x20 zephyr/arch/arch/riscv/core/libarch__riscv__core.a(stacktrace.c.obj)
 .text.in_fatal_stack_bound
                0x0000000090000c56       0x32 zephyr/arch/arch/riscv/core/libarch__riscv__core.a(stacktrace.c.obj)
 .text.z_riscv_unwind_stack
                0x0000000090000c88       0x42 zephyr/arch/arch/riscv/core/libarch__riscv__core.a(stacktrace.c.obj)
                0x0000000090000c88                z_riscv_unwind_stack
 .text.z_impl_zephyr_fputc
                0x0000000090000cca       0x12 zephyr/lib/libc/picolibc/liblib__libc__picolibc.a(stdio.c.obj)
                0x0000000090000cca                z_impl_zephyr_fputc
 .text.picolibc_put
                0x0000000090000cdc        0xe zephyr/lib/libc/picolibc/liblib__libc__picolibc.a(stdio.c.obj)
 .text.__stdout_hook_install
                0x0000000090000cea       0x1a zephyr/lib/libc/picolibc/liblib__libc__picolibc.a(stdio.c.obj)
                0x0000000090000cea                __stdout_hook_install
 .text.malloc_prepare
                0x0000000090000d04       0x22 zephyr/lib/libc/common/liblib__libc__common.a(malloc.c.obj)
 .text.plic_irq_config_func_0
                0x0000000090000d26       0x14 zephyr/drivers/interrupt_controller/libdrivers__interrupt_controller.a(intc_plic.c.obj)
 .text.get_context_en_addr.constprop.0.isra.0
                0x0000000090000d3a       0x14 zephyr/drivers/interrupt_controller/libdrivers__interrupt_controller.a(intc_plic.c.obj)
 .text.plic_irq_enable_set_state
                0x0000000090000d4e       0x46 zephyr/drivers/interrupt_controller/libdrivers__interrupt_controller.a(intc_plic.c.obj)
 .text.plic_irq_handler
                0x0000000090000d94       0x6a zephyr/drivers/interrupt_controller/libdrivers__interrupt_controller.a(intc_plic.c.obj)
 .text.plic_init
                0x0000000090000dfe       0x6e zephyr/drivers/interrupt_controller/libdrivers__interrupt_controller.a(intc_plic.c.obj)
 .text.riscv_plic_irq_enable
                0x0000000090000e6c       0x1c zephyr/drivers/interrupt_controller/libdrivers__interrupt_controller.a(intc_plic.c.obj)
                0x0000000090000e6c                riscv_plic_irq_enable
 .text.riscv_plic_set_priority
                0x0000000090000e88       0x1e zephyr/drivers/interrupt_controller/libdrivers__interrupt_controller.a(intc_plic.c.obj)
                0x0000000090000e88                riscv_plic_set_priority
 .text.riscv_plic_get_irq
                0x0000000090000ea6       0x10 zephyr/drivers/interrupt_controller/libdrivers__interrupt_controller.a(intc_plic.c.obj)
                0x0000000090000ea6                riscv_plic_get_irq
 .text.riscv_plic_get_dev
                0x0000000090000eb6       0x10 zephyr/drivers/interrupt_controller/libdrivers__interrupt_controller.a(intc_plic.c.obj)
                0x0000000090000eb6                riscv_plic_get_dev
 .text.uart_console_init
                0x0000000090000ec6       0x32 zephyr/drivers/console/libdrivers__console.a(uart_console.c.obj)
 .text.console_out
                0x0000000090000ef8       0x46 zephyr/drivers/console/libdrivers__console.a(uart_console.c.obj)
 .text.pinctrl_lookup_state
                0x0000000090000f3e       0x26 zephyr/drivers/pinctrl/libdrivers__pinctrl.a(common.c.obj)
                0x0000000090000f3e                pinctrl_lookup_state
 .text.pinctrl_configure_pins
                0x0000000090000f64       0x54 zephyr/drivers/pinctrl/libdrivers__pinctrl.a(pinctrl_sifive.c.obj)
                0x0000000090000f64                pinctrl_configure_pins
 .text.uart_ns16550_config_get
                0x0000000090000fb8       0x2a zephyr/drivers/serial/libdrivers__serial.a(uart_ns16550.c.obj)
 .text.uart_ns16550_poll_out
                0x0000000090000fe2       0x2c zephyr/drivers/serial/libdrivers__serial.a(uart_ns16550.c.obj)
 .text.uart_ns16550_err_check
                0x000000009000100e       0x2a zephyr/drivers/serial/libdrivers__serial.a(uart_ns16550.c.obj)
 .text.uart_ns16550_configure
                0x0000000090001038      0x1d4 zephyr/drivers/serial/libdrivers__serial.a(uart_ns16550.c.obj)
 .text.uart_ns16550_init
                0x000000009000120c       0x1e zephyr/drivers/serial/libdrivers__serial.a(uart_ns16550.c.obj)
 .text.uart_ns16550_poll_in
                0x000000009000122a       0x32 zephyr/drivers/serial/libdrivers__serial.a(uart_ns16550.c.obj)
 .text.mtime    0x000000009000125c       0x18 zephyr/drivers/timer/libdrivers__timer.a(riscv_machine_timer.c.obj)
 .text.sys_clock_driver_init
                0x0000000090001274       0x6e zephyr/drivers/timer/libdrivers__timer.a(riscv_machine_timer.c.obj)
 .text.timer_isr
                0x00000000900012e2       0x60 zephyr/drivers/timer/libdrivers__timer.a(riscv_machine_timer.c.obj)
 .text.sys_clock_set_timeout
                0x0000000090001342       0xa4 zephyr/drivers/timer/libdrivers__timer.a(riscv_machine_timer.c.obj)
                0x0000000090001342                sys_clock_set_timeout
 .text.sys_clock_elapsed
                0x00000000900013e6       0x2c zephyr/drivers/timer/libdrivers__timer.a(riscv_machine_timer.c.obj)
                0x00000000900013e6                sys_clock_elapsed
 .text.do_device_init
                0x0000000090001412       0x48 zephyr/kernel/libkernel.a(device.c.obj)
                0x0000000090001412                do_device_init
 .text.z_impl_device_is_ready
                0x000000009000145a       0x1c zephyr/kernel/libkernel.a(device.c.obj)
                0x000000009000145a                z_impl_device_is_ready
 .text.arch_system_halt
                0x0000000090001476        0x6 zephyr/kernel/libkernel.a(fatal.c.obj)
                0x0000000090001476                arch_system_halt
 .text.k_sys_fatal_error_handler
                0x000000009000147c        0x6 zephyr/kernel/libkernel.a(fatal.c.obj)
                0x000000009000147c                k_sys_fatal_error_handler
 .text.z_fatal_error
                0x0000000090001482       0x28 zephyr/kernel/libkernel.a(fatal.c.obj)
                0x0000000090001482                z_fatal_error
 .text.z_sys_init_run_level
                0x00000000900014aa       0x46 zephyr/kernel/libkernel.a(init.c.obj)
 .text.bg_thread_main
                0x00000000900014f0       0xb6 zephyr/kernel/libkernel.a(init.c.obj)
 .text.z_init_cpu
                0x00000000900015a6       0x7e zephyr/kernel/libkernel.a(init.c.obj)
                0x00000000900015a6                z_init_cpu
 .text.z_cstart
                0x0000000090001624       0xa6 zephyr/kernel/libkernel.a(init.c.obj)
                0x0000000090001624                z_cstart
 .text.idle     0x00000000900016ca        0xe zephyr/kernel/libkernel.a(idle.c.obj)
                0x00000000900016ca                idle
 .text.z_setup_new_thread
                0x00000000900016d8       0x94 zephyr/kernel/libkernel.a(thread.c.obj)
                0x00000000900016d8                z_setup_new_thread
 .text.z_dummy_thread_init
                0x000000009000176c       0x1e zephyr/kernel/libkernel.a(thread.c.obj)
                0x000000009000176c                z_dummy_thread_init
 .text.sys_dlist_remove
                0x000000009000178a       0x12 zephyr/kernel/libkernel.a(sched.c.obj)
 .text.unpend_thread_no_timeout
                0x000000009000179c       0x20 zephyr/kernel/libkernel.a(sched.c.obj)
 .text.ready_thread
                0x00000000900017bc       0x9e zephyr/kernel/libkernel.a(sched.c.obj)
 .text.z_swap   0x000000009000185a       0x5c zephyr/kernel/libkernel.a(sched.c.obj)
 .text.move_thread_to_end_of_prio_q
                0x00000000900018b6       0xb2 zephyr/kernel/libkernel.a(sched.c.obj)
                0x00000000900018b6                move_thread_to_end_of_prio_q
 .text.z_ready_thread
                0x0000000090001968       0x1a zephyr/kernel/libkernel.a(sched.c.obj)
                0x0000000090001968                z_ready_thread
 .text.z_sched_wake_thread
                0x0000000090001982       0x3c zephyr/kernel/libkernel.a(sched.c.obj)
                0x0000000090001982                z_sched_wake_thread
 .text.z_thread_timeout
                0x00000000900019be        0x6 zephyr/kernel/libkernel.a(sched.c.obj)
                0x00000000900019be                z_thread_timeout
 .text.z_reschedule
                0x00000000900019c4       0x1e zephyr/kernel/libkernel.a(sched.c.obj)
                0x00000000900019c4                z_reschedule
 .text.z_reschedule_irqlock
                0x00000000900019e2       0x4e zephyr/kernel/libkernel.a(sched.c.obj)
                0x00000000900019e2                z_reschedule_irqlock
 .text.k_sched_lock
                0x0000000090001a30       0x1c zephyr/kernel/libkernel.a(sched.c.obj)
                0x0000000090001a30                k_sched_lock
 .text.k_sched_unlock
                0x0000000090001a4c       0x68 zephyr/kernel/libkernel.a(sched.c.obj)
                0x0000000090001a4c                k_sched_unlock
 .text.z_swap_next_thread
                0x0000000090001ab4        0x8 zephyr/kernel/libkernel.a(sched.c.obj)
                0x0000000090001ab4                z_swap_next_thread
 .text.z_get_next_switch_handle
                0x0000000090001abc       0x14 zephyr/kernel/libkernel.a(sched.c.obj)
                0x0000000090001abc                z_get_next_switch_handle
 .text.z_sched_init
                0x0000000090001ad0        0xe zephyr/kernel/libkernel.a(sched.c.obj)
                0x0000000090001ad0                z_sched_init
 .text.z_impl_k_wakeup
                0x0000000090001ade       0x3e zephyr/kernel/libkernel.a(sched.c.obj)
                0x0000000090001ade                z_impl_k_wakeup
 .text.z_impl_k_sched_current_thread_query
                0x0000000090001b1c        0x8 zephyr/kernel/libkernel.a(sched.c.obj)
                0x0000000090001b1c                z_impl_k_sched_current_thread_query
 .text.z_thread_abort
                0x0000000090001b24      0x134 zephyr/kernel/libkernel.a(sched.c.obj)
                0x0000000090001b24                z_thread_abort
 .text.z_impl_k_thread_abort
                0x0000000090001c58        0x2 zephyr/kernel/libkernel.a(sched.c.obj)
                0x0000000090001c58                z_impl_k_thread_abort
 .text.slice_timeout
                0x0000000090001c5a       0x24 zephyr/kernel/libkernel.a(timeslicing.c.obj)
 .text.thread_is_sliceable
                0x0000000090001c7e       0x44 zephyr/kernel/libkernel.a(timeslicing.c.obj)
                0x0000000090001c7e                thread_is_sliceable
 .text.z_reset_time_slice
                0x0000000090001cc2       0x60 zephyr/kernel/libkernel.a(timeslicing.c.obj)
                0x0000000090001cc2                z_reset_time_slice
 .text.z_time_slice
                0x0000000090001d22       0x4a zephyr/kernel/libkernel.a(timeslicing.c.obj)
                0x0000000090001d22                z_time_slice
 .text.first    0x0000000090001d6c       0x12 zephyr/kernel/libkernel.a(timeout.c.obj)
 .text.next_timeout
                0x0000000090001d7e       0x40 zephyr/kernel/libkernel.a(timeout.c.obj)
 .text.elapsed  0x0000000090001dbe        0xe zephyr/kernel/libkernel.a(timeout.c.obj)
 .text.remove_timeout
                0x0000000090001dcc       0x3c zephyr/kernel/libkernel.a(timeout.c.obj)
 .text.z_add_timeout
                0x0000000090001e08      0x152 zephyr/kernel/libkernel.a(timeout.c.obj)
                0x0000000090001e08                z_add_timeout
 .text.z_abort_timeout
                0x0000000090001f5a       0x4c zephyr/kernel/libkernel.a(timeout.c.obj)
                0x0000000090001f5a                z_abort_timeout
 .text.sys_clock_announce
                0x0000000090001fa6       0xbc zephyr/kernel/libkernel.a(timeout.c.obj)
                0x0000000090001fa6                sys_clock_announce
 .text.boot_banner
                0x0000000090002062        0xc zephyr/kernel/libkernel.a(banner.c.obj)
                0x0000000090002062                boot_banner
 .text.strnlen  0x000000009000206e       0x18 /home/ubuntu/zephyr-sdk-0.16.8/riscv64-zephyr-elf/bin/../lib/gcc/../../picolibc/riscv64-zephyr-elf/lib/rv32imac_zicsr_zifencei/ilp32/libc.a(libc_string_strnlen.c.o)
                0x000000009000206e                strnlen
 .text.printf   0x0000000090002086       0x28 /home/ubuntu/zephyr-sdk-0.16.8/riscv64-zephyr-elf/bin/../lib/gcc/../../picolibc/riscv64-zephyr-elf/lib/rv32imac_zicsr_zifencei/ilp32/libc.a(libc_tinystdio_printf.c.o)
                0x0000000090002086                printf
 .text.__ultoa_invert
                0x00000000900020ae      0x110 /home/ubuntu/zephyr-sdk-0.16.8/riscv64-zephyr-elf/bin/../lib/gcc/../../picolibc/riscv64-zephyr-elf/lib/rv32imac_zicsr_zifencei/ilp32/libc.a(libc_tinystdio_vflprintf.c.o)
 .text.__l_vfprintf
                0x00000000900021be      0x500 /home/ubuntu/zephyr-sdk-0.16.8/riscv64-zephyr-elf/bin/../lib/gcc/../../picolibc/riscv64-zephyr-elf/lib/rv32imac_zicsr_zifencei/ilp32/libc.a(libc_tinystdio_vflprintf.c.o)
                0x00000000900021be                __l_vfprintf
 .text.memcpy   0x00000000900026be       0x16 /home/ubuntu/zephyr-sdk-0.16.8/riscv64-zephyr-elf/bin/../lib/gcc/../../picolibc/riscv64-zephyr-elf/lib/rv32imac_zicsr_zifencei/ilp32/libc.a(memcpy-asm.S.o)
                0x00000000900026be                memcpy
 .text.memset   0x00000000900026d4       0x10 /home/ubuntu/zephyr-sdk-0.16.8/riscv64-zephyr-elf/bin/../lib/gcc/../../picolibc/riscv64-zephyr-elf/lib/rv32imac_zicsr_zifencei/ilp32/libc.a(memset.S.o)
                0x00000000900026d4                memset
 *(SORT_BY_ALIGNMENT(.gnu.linkonce.t.*))
                0x00000000900026e4                __text_region_end = .
                0x00000000900026e4                __rodata_region_start = .

initlevel       0x00000000900026e4       0x28
                0x00000000900026e4                __init_start = .
                0x00000000900026e4                __init_EARLY_start = .
 *(SORT_BY_NAME(SORT_BY_ALIGNMENT(.z_init_EARLY_P_?_*)))
 *(SORT_BY_NAME(SORT_BY_ALIGNMENT(.z_init_EARLY_P_??_*)))
 *(SORT_BY_NAME(SORT_BY_ALIGNMENT(.z_init_EARLY_P_???_*)))
                0x00000000900026e4                __init_PRE_KERNEL_1_start = .
 *(SORT_BY_NAME(SORT_BY_ALIGNMENT(.z_init_PRE_KERNEL_1_P_?_*)))
 *(SORT_BY_NAME(SORT_BY_ALIGNMENT(.z_init_PRE_KERNEL_1_P_??_*)))
 .z_init_PRE_KERNEL_1_P_40_SUB_00011_
                0x00000000900026e4        0x8 zephyr/drivers/interrupt_controller/libdrivers__interrupt_controller.a(intc_plic.c.obj)
 .z_init_PRE_KERNEL_1_P_50_SUB_00047_
                0x00000000900026ec        0x8 zephyr/drivers/serial/libdrivers__serial.a(uart_ns16550.c.obj)
 .z_init_PRE_KERNEL_1_P_60_SUB_0_
                0x00000000900026f4        0x8 zephyr/drivers/console/libdrivers__console.a(uart_console.c.obj)
 *(SORT_BY_NAME(SORT_BY_ALIGNMENT(.z_init_PRE_KERNEL_1_P_???_*)))
                0x00000000900026fc                __init_PRE_KERNEL_2_start = .
 *(SORT_BY_NAME(SORT_BY_ALIGNMENT(.z_init_PRE_KERNEL_2_P_?_*)))
 .z_init_PRE_KERNEL_2_P_0_SUB_0_
                0x00000000900026fc        0x8 zephyr/drivers/timer/libdrivers__timer.a(riscv_machine_timer.c.obj)
 *(SORT_BY_NAME(SORT_BY_ALIGNMENT(.z_init_PRE_KERNEL_2_P_??_*)))
 *(SORT_BY_NAME(SORT_BY_ALIGNMENT(.z_init_PRE_KERNEL_2_P_???_*)))
                0x0000000090002704                __init_POST_KERNEL_start = .
 *(SORT_BY_NAME(SORT_BY_ALIGNMENT(.z_init_POST_KERNEL_P_?_*)))
 *(SORT_BY_NAME(SORT_BY_ALIGNMENT(.z_init_POST_KERNEL_P_??_*)))
 .z_init_POST_KERNEL_P_35_SUB_0_
                0x0000000090002704        0x8 zephyr/lib/libc/common/liblib__libc__common.a(malloc.c.obj)
 *(SORT_BY_NAME(SORT_BY_ALIGNMENT(.z_init_POST_KERNEL_P_???_*)))
                0x000000009000270c                __init_APPLICATION_start = .
 *(SORT_BY_NAME(SORT_BY_ALIGNMENT(.z_init_APPLICATION_P_?_*)))
 *(SORT_BY_NAME(SORT_BY_ALIGNMENT(.z_init_APPLICATION_P_??_*)))
 *(SORT_BY_NAME(SORT_BY_ALIGNMENT(.z_init_APPLICATION_P_???_*)))
                0x000000009000270c                __init_SMP_start = .
 *(SORT_BY_NAME(SORT_BY_ALIGNMENT(.z_init_SMP_P_?_*)))
 *(SORT_BY_NAME(SORT_BY_ALIGNMENT(.z_init_SMP_P_??_*)))
 *(SORT_BY_NAME(SORT_BY_ALIGNMENT(.z_init_SMP_P_???_*)))
                0x000000009000270c                __init_end = .

device_area     0x000000009000270c       0x38
                0x000000009000270c                _device_list_start = .
 *(SORT_BY_NAME(SORT_BY_ALIGNMENT(._device.static.*_?_*)))
 *(SORT_BY_NAME(SORT_BY_ALIGNMENT(._device.static.*_??_*)))
 ._device.static.1_40_
                0x000000009000270c       0x1c zephyr/drivers/interrupt_controller/libdrivers__interrupt_controller.a(intc_plic.c.obj)
                0x000000009000270c                __device_dts_ord_11
 ._device.static.1_50_
                0x0000000090002728       0x1c zephyr/drivers/serial/libdrivers__serial.a(uart_ns16550.c.obj)
                0x0000000090002728                __device_dts_ord_47
 *(SORT_BY_NAME(SORT_BY_ALIGNMENT(._device.static.*_???_*)))
 *(SORT_BY_NAME(SORT_BY_ALIGNMENT(._device.static.*_????_*)))
 *(SORT_BY_NAME(SORT_BY_ALIGNMENT(._device.static.*_?????_*)))
                0x0000000090002744                _device_list_end = .

sw_isr_table    0x0000000090002744      0x200
                0x0000000090002744                . = ALIGN (0x4)
 *(SORT_BY_ALIGNMENT(.gnu.linkonce.sw_isr_table*))
 .gnu.linkonce.sw_isr_table
                0x0000000090002744      0x200 zephyr/arch/common/libisr_tables.a(isr_tables.c.obj)
                0x0000000090002744                _sw_isr_table

initlevel_error
                0x00000000900026e4        0x0
 *(SORT_BY_NAME(SORT_BY_ALIGNMENT(.z_init_*)))
                0x0000000000000001                ASSERT ((SIZEOF (initlevel_error) == 0x0), Undefined initialization levels used.)

app_shmem_regions
                0x0000000090002944        0x0
                0x0000000090002944                __app_shmem_regions_start = .
 *(SORT_BY_NAME(SORT_BY_ALIGNMENT(.app_regions.*)))
                0x0000000090002944                __app_shmem_regions_end = .

k_p4wq_initparam_area
                0x0000000090002944        0x0
                0x0000000090002944                _k_p4wq_initparam_list_start = .
 *(SORT_BY_NAME(SORT_BY_ALIGNMENT(._k_p4wq_initparam.static.*)))
                0x0000000090002944                _k_p4wq_initparam_list_end = .

_static_thread_data_area
                0x0000000090002944        0x0
                0x0000000090002944                __static_thread_data_list_start = .
 *(SORT_BY_NAME(SORT_BY_ALIGNMENT(.__static_thread_data.static.*)))
                0x0000000090002944                __static_thread_data_list_end = .

device_deps     0x0000000090002944        0x0
                0x0000000090002944                __device_deps_start = .
 *(SORT_BY_NAME(SORT_BY_ALIGNMENT(.__device_deps_pass2*)))
                0x0000000090002944                __device_deps_end = .

gpio_driver_api_area
                0x0000000090002944        0x0
                0x0000000090002944                _gpio_driver_api_list_start = .
 *(SORT_BY_NAME(SORT_BY_ALIGNMENT(._gpio_driver_api.static.*)))
                0x0000000090002944                _gpio_driver_api_list_end = .

shared_irq_driver_api_area
                0x0000000090002944        0x0
                0x0000000090002944                _shared_irq_driver_api_list_start = .
 *(SORT_BY_NAME(SORT_BY_ALIGNMENT(._shared_irq_driver_api.static.*)))
                0x0000000090002944                _shared_irq_driver_api_list_end = .

crypto_driver_api_area
                0x0000000090002944        0x0
                0x0000000090002944                _crypto_driver_api_list_start = .
 *(SORT_BY_NAME(SORT_BY_ALIGNMENT(._crypto_driver_api.static.*)))
                0x0000000090002944                _crypto_driver_api_list_end = .

adc_driver_api_area
                0x0000000090002944        0x0
                0x0000000090002944                _adc_driver_api_list_start = .
 *(SORT_BY_NAME(SORT_BY_ALIGNMENT(._adc_driver_api.static.*)))
                0x0000000090002944                _adc_driver_api_list_end = .

auxdisplay_driver_api_area
                0x0000000090002944        0x0
                0x0000000090002944                _auxdisplay_driver_api_list_start = .
 *(SORT_BY_NAME(SORT_BY_ALIGNMENT(._auxdisplay_driver_api.static.*)))
                0x0000000090002944                _auxdisplay_driver_api_list_end = .

bbram_driver_api_area
                0x0000000090002944        0x0
                0x0000000090002944                _bbram_driver_api_list_start = .
 *(SORT_BY_NAME(SORT_BY_ALIGNMENT(._bbram_driver_api.static.*)))
                0x0000000090002944                _bbram_driver_api_list_end = .

bt_hci_driver_api_area
                0x0000000090002944        0x0
                0x0000000090002944                _bt_hci_driver_api_list_start = .
 *(SORT_BY_NAME(SORT_BY_ALIGNMENT(._bt_hci_driver_api.static.*)))
                0x0000000090002944                _bt_hci_driver_api_list_end = .

can_driver_api_area
                0x0000000090002944        0x0
                0x0000000090002944                _can_driver_api_list_start = .
 *(SORT_BY_NAME(SORT_BY_ALIGNMENT(._can_driver_api.static.*)))
                0x0000000090002944                _can_driver_api_list_end = .

cellular_driver_api_area
                0x0000000090002944        0x0
                0x0000000090002944                _cellular_driver_api_list_start = .
 *(SORT_BY_NAME(SORT_BY_ALIGNMENT(._cellular_driver_api.static.*)))
                0x0000000090002944                _cellular_driver_api_list_end = .

charger_driver_api_area
                0x0000000090002944        0x0
                0x0000000090002944                _charger_driver_api_list_start = .
 *(SORT_BY_NAME(SORT_BY_ALIGNMENT(._charger_driver_api.static.*)))
                0x0000000090002944                _charger_driver_api_list_end = .

clock_control_driver_api_area
                0x0000000090002944        0x0
                0x0000000090002944                _clock_control_driver_api_list_start = .
 *(SORT_BY_NAME(SORT_BY_ALIGNMENT(._clock_control_driver_api.static.*)))
                0x0000000090002944                _clock_control_driver_api_list_end = .

comparator_driver_api_area
                0x0000000090002944        0x0
                0x0000000090002944                _comparator_driver_api_list_start = .
 *(SORT_BY_NAME(SORT_BY_ALIGNMENT(._comparator_driver_api.static.*)))
                0x0000000090002944                _comparator_driver_api_list_end = .

coredump_driver_api_area
                0x0000000090002944        0x0
                0x0000000090002944                _coredump_driver_api_list_start = .
 *(SORT_BY_NAME(SORT_BY_ALIGNMENT(._coredump_driver_api.static.*)))
                0x0000000090002944                _coredump_driver_api_list_end = .

counter_driver_api_area
                0x0000000090002944        0x0
                0x0000000090002944                _counter_driver_api_list_start = .
 *(SORT_BY_NAME(SORT_BY_ALIGNMENT(._counter_driver_api.static.*)))
                0x0000000090002944                _counter_driver_api_list_end = .

crc_driver_api_area
                0x0000000090002944        0x0
                0x0000000090002944                _crc_driver_api_list_start = .
 *(SORT_BY_NAME(SORT_BY_ALIGNMENT(._crc_driver_api.static.*)))
                0x0000000090002944                _crc_driver_api_list_end = .

dac_driver_api_area
                0x0000000090002944        0x0
                0x0000000090002944                _dac_driver_api_list_start = .
 *(SORT_BY_NAME(SORT_BY_ALIGNMENT(._dac_driver_api.static.*)))
                0x0000000090002944                _dac_driver_api_list_end = .

dai_driver_api_area
                0x0000000090002944        0x0
                0x0000000090002944                _dai_driver_api_list_start = .
 *(SORT_BY_NAME(SORT_BY_ALIGNMENT(._dai_driver_api.static.*)))
                0x0000000090002944                _dai_driver_api_list_end = .

display_driver_api_area
                0x0000000090002944        0x0
                0x0000000090002944                _display_driver_api_list_start = .
 *(SORT_BY_NAME(SORT_BY_ALIGNMENT(._display_driver_api.static.*)))
                0x0000000090002944                _display_driver_api_list_end = .

dma_driver_api_area
                0x0000000090002944        0x0
                0x0000000090002944                _dma_driver_api_list_start = .
 *(SORT_BY_NAME(SORT_BY_ALIGNMENT(._dma_driver_api.static.*)))
                0x0000000090002944                _dma_driver_api_list_end = .

edac_driver_api_area
                0x0000000090002944        0x0
                0x0000000090002944                _edac_driver_api_list_start = .
 *(SORT_BY_NAME(SORT_BY_ALIGNMENT(._edac_driver_api.static.*)))
                0x0000000090002944                _edac_driver_api_list_end = .

eeprom_driver_api_area
                0x0000000090002944        0x0
                0x0000000090002944                _eeprom_driver_api_list_start = .
 *(SORT_BY_NAME(SORT_BY_ALIGNMENT(._eeprom_driver_api.static.*)))
                0x0000000090002944                _eeprom_driver_api_list_end = .

emul_bbram_driver_api_area
                0x0000000090002944        0x0
                0x0000000090002944                _emul_bbram_driver_api_list_start = .
 *(SORT_BY_NAME(SORT_BY_ALIGNMENT(._emul_bbram_driver_api.static.*)))
                0x0000000090002944                _emul_bbram_driver_api_list_end = .

fuel_gauge_emul_driver_api_area
                0x0000000090002944        0x0
                0x0000000090002944                _fuel_gauge_emul_driver_api_list_start = .
 *(SORT_BY_NAME(SORT_BY_ALIGNMENT(._fuel_gauge_emul_driver_api.static.*)))
                0x0000000090002944                _fuel_gauge_emul_driver_api_list_end = .

emul_sensor_driver_api_area
                0x0000000090002944        0x0
                0x0000000090002944                _emul_sensor_driver_api_list_start = .
 *(SORT_BY_NAME(SORT_BY_ALIGNMENT(._emul_sensor_driver_api.static.*)))
                0x0000000090002944                _emul_sensor_driver_api_list_end = .

entropy_driver_api_area
                0x0000000090002944        0x0
                0x0000000090002944                _entropy_driver_api_list_start = .
 *(SORT_BY_NAME(SORT_BY_ALIGNMENT(._entropy_driver_api.static.*)))
                0x0000000090002944                _entropy_driver_api_list_end = .

espi_driver_api_area
                0x0000000090002944        0x0
                0x0000000090002944                _espi_driver_api_list_start = .
 *(SORT_BY_NAME(SORT_BY_ALIGNMENT(._espi_driver_api.static.*)))
                0x0000000090002944                _espi_driver_api_list_end = .

espi_saf_driver_api_area
                0x0000000090002944        0x0
                0x0000000090002944                _espi_saf_driver_api_list_start = .
 *(SORT_BY_NAME(SORT_BY_ALIGNMENT(._espi_saf_driver_api.static.*)))
                0x0000000090002944                _espi_saf_driver_api_list_end = .

flash_driver_api_area
                0x0000000090002944        0x0
                0x0000000090002944                _flash_driver_api_list_start = .
 *(SORT_BY_NAME(SORT_BY_ALIGNMENT(._flash_driver_api.static.*)))
                0x0000000090002944                _flash_driver_api_list_end = .

fpga_driver_api_area
                0x0000000090002944        0x0
                0x0000000090002944                _fpga_driver_api_list_start = .
 *(SORT_BY_NAME(SORT_BY_ALIGNMENT(._fpga_driver_api.static.*)))
                0x0000000090002944                _fpga_driver_api_list_end = .

fuel_gauge_driver_api_area
                0x0000000090002944        0x0
                0x0000000090002944                _fuel_gauge_driver_api_list_start = .
 *(SORT_BY_NAME(SORT_BY_ALIGNMENT(._fuel_gauge_driver_api.static.*)))
                0x0000000090002944                _fuel_gauge_driver_api_list_end = .

gnss_driver_api_area
                0x0000000090002944        0x0
                0x0000000090002944                _gnss_driver_api_list_start = .
 *(SORT_BY_NAME(SORT_BY_ALIGNMENT(._gnss_driver_api.static.*)))
                0x0000000090002944                _gnss_driver_api_list_end = .

haptics_driver_api_area
                0x0000000090002944        0x0
                0x0000000090002944                _haptics_driver_api_list_start = .
 *(SORT_BY_NAME(SORT_BY_ALIGNMENT(._haptics_driver_api.static.*)))
                0x0000000090002944                _haptics_driver_api_list_end = .

hwspinlock_driver_api_area
                0x0000000090002944        0x0
                0x0000000090002944                _hwspinlock_driver_api_list_start = .
 *(SORT_BY_NAME(SORT_BY_ALIGNMENT(._hwspinlock_driver_api.static.*)))
                0x0000000090002944                _hwspinlock_driver_api_list_end = .

i2c_driver_api_area
                0x0000000090002944        0x0
                0x0000000090002944                _i2c_driver_api_list_start = .
 *(SORT_BY_NAME(SORT_BY_ALIGNMENT(._i2c_driver_api.static.*)))
                0x0000000090002944                _i2c_driver_api_list_end = .

i2c_target_driver_api_area
                0x0000000090002944        0x0
                0x0000000090002944                _i2c_target_driver_api_list_start = .
 *(SORT_BY_NAME(SORT_BY_ALIGNMENT(._i2c_target_driver_api.static.*)))
                0x0000000090002944                _i2c_target_driver_api_list_end = .

i2s_driver_api_area
                0x0000000090002944        0x0
                0x0000000090002944                _i2s_driver_api_list_start = .
 *(SORT_BY_NAME(SORT_BY_ALIGNMENT(._i2s_driver_api.static.*)))
                0x0000000090002944                _i2s_driver_api_list_end = .

i3c_driver_api_area
                0x0000000090002944        0x0
                0x0000000090002944                _i3c_driver_api_list_start = .
 *(SORT_BY_NAME(SORT_BY_ALIGNMENT(._i3c_driver_api.static.*)))
                0x0000000090002944                _i3c_driver_api_list_end = .

ipm_driver_api_area
                0x0000000090002944        0x0
                0x0000000090002944                _ipm_driver_api_list_start = .
 *(SORT_BY_NAME(SORT_BY_ALIGNMENT(._ipm_driver_api.static.*)))
                0x0000000090002944                _ipm_driver_api_list_end = .

led_driver_api_area
                0x0000000090002944        0x0
                0x0000000090002944                _led_driver_api_list_start = .
 *(SORT_BY_NAME(SORT_BY_ALIGNMENT(._led_driver_api.static.*)))
                0x0000000090002944                _led_driver_api_list_end = .

led_strip_driver_api_area
                0x0000000090002944        0x0
                0x0000000090002944                _led_strip_driver_api_list_start = .
 *(SORT_BY_NAME(SORT_BY_ALIGNMENT(._led_strip_driver_api.static.*)))
                0x0000000090002944                _led_strip_driver_api_list_end = .

lora_driver_api_area
                0x0000000090002944        0x0
                0x0000000090002944                _lora_driver_api_list_start = .
 *(SORT_BY_NAME(SORT_BY_ALIGNMENT(._lora_driver_api.static.*)))
                0x0000000090002944                _lora_driver_api_list_end = .

mbox_driver_api_area
                0x0000000090002944        0x0
                0x0000000090002944                _mbox_driver_api_list_start = .
 *(SORT_BY_NAME(SORT_BY_ALIGNMENT(._mbox_driver_api.static.*)))
                0x0000000090002944                _mbox_driver_api_list_end = .

mdio_driver_api_area
                0x0000000090002944        0x0
                0x0000000090002944                _mdio_driver_api_list_start = .
 *(SORT_BY_NAME(SORT_BY_ALIGNMENT(._mdio_driver_api.static.*)))
                0x0000000090002944                _mdio_driver_api_list_end = .

mipi_dbi_driver_api_area
                0x0000000090002944        0x0
                0x0000000090002944                _mipi_dbi_driver_api_list_start = .
 *(SORT_BY_NAME(SORT_BY_ALIGNMENT(._mipi_dbi_driver_api.static.*)))
                0x0000000090002944                _mipi_dbi_driver_api_list_end = .

mipi_dsi_driver_api_area
                0x0000000090002944        0x0
                0x0000000090002944                _mipi_dsi_driver_api_list_start = .
 *(SORT_BY_NAME(SORT_BY_ALIGNMENT(._mipi_dsi_driver_api.static.*)))
                0x0000000090002944                _mipi_dsi_driver_api_list_end = .

mspi_driver_api_area
                0x0000000090002944        0x0
                0x0000000090002944                _mspi_driver_api_list_start = .
 *(SORT_BY_NAME(SORT_BY_ALIGNMENT(._mspi_driver_api.static.*)))
                0x0000000090002944                _mspi_driver_api_list_end = .

opamp_driver_api_area
                0x0000000090002944        0x0
                0x0000000090002944                _opamp_driver_api_list_start = .
 *(SORT_BY_NAME(SORT_BY_ALIGNMENT(._opamp_driver_api.static.*)))
                0x0000000090002944                _opamp_driver_api_list_end = .

peci_driver_api_area
                0x0000000090002944        0x0
                0x0000000090002944                _peci_driver_api_list_start = .
 *(SORT_BY_NAME(SORT_BY_ALIGNMENT(._peci_driver_api.static.*)))
                0x0000000090002944                _peci_driver_api_list_end = .

ps2_driver_api_area
                0x0000000090002944        0x0
                0x0000000090002944                _ps2_driver_api_list_start = .
 *(SORT_BY_NAME(SORT_BY_ALIGNMENT(._ps2_driver_api.static.*)))
                0x0000000090002944                _ps2_driver_api_list_end = .

ptp_clock_driver_api_area
                0x0000000090002944        0x0
                0x0000000090002944                _ptp_clock_driver_api_list_start = .
 *(SORT_BY_NAME(SORT_BY_ALIGNMENT(._ptp_clock_driver_api.static.*)))
                0x0000000090002944                _ptp_clock_driver_api_list_end = .

pwm_driver_api_area
                0x0000000090002944        0x0
                0x0000000090002944                _pwm_driver_api_list_start = .
 *(SORT_BY_NAME(SORT_BY_ALIGNMENT(._pwm_driver_api.static.*)))
                0x0000000090002944                _pwm_driver_api_list_end = .

regulator_parent_driver_api_area
                0x0000000090002944        0x0
                0x0000000090002944                _regulator_parent_driver_api_list_start = .
 *(SORT_BY_NAME(SORT_BY_ALIGNMENT(._regulator_parent_driver_api.static.*)))
                0x0000000090002944                _regulator_parent_driver_api_list_end = .

regulator_driver_api_area
                0x0000000090002944        0x0
                0x0000000090002944                _regulator_driver_api_list_start = .
 *(SORT_BY_NAME(SORT_BY_ALIGNMENT(._regulator_driver_api.static.*)))
                0x0000000090002944                _regulator_driver_api_list_end = .

reset_driver_api_area
                0x0000000090002944        0x0
                0x0000000090002944                _reset_driver_api_list_start = .
 *(SORT_BY_NAME(SORT_BY_ALIGNMENT(._reset_driver_api.static.*)))
                0x0000000090002944                _reset_driver_api_list_end = .

retained_mem_driver_api_area
                0x0000000090002944        0x0
                0x0000000090002944                _retained_mem_driver_api_list_start = .
 *(SORT_BY_NAME(SORT_BY_ALIGNMENT(._retained_mem_driver_api.static.*)))
                0x0000000090002944                _retained_mem_driver_api_list_end = .

rtc_driver_api_area
                0x0000000090002944        0x0
                0x0000000090002944                _rtc_driver_api_list_start = .
 *(SORT_BY_NAME(SORT_BY_ALIGNMENT(._rtc_driver_api.static.*)))
                0x0000000090002944                _rtc_driver_api_list_end = .

sdhc_driver_api_area
                0x0000000090002944        0x0
                0x0000000090002944                _sdhc_driver_api_list_start = .
 *(SORT_BY_NAME(SORT_BY_ALIGNMENT(._sdhc_driver_api.static.*)))
                0x0000000090002944                _sdhc_driver_api_list_end = .

sensor_driver_api_area
                0x0000000090002944        0x0
                0x0000000090002944                _sensor_driver_api_list_start = .
 *(SORT_BY_NAME(SORT_BY_ALIGNMENT(._sensor_driver_api.static.*)))
                0x0000000090002944                _sensor_driver_api_list_end = .

smbus_driver_api_area
                0x0000000090002944        0x0
                0x0000000090002944                _smbus_driver_api_list_start = .
 *(SORT_BY_NAME(SORT_BY_ALIGNMENT(._smbus_driver_api.static.*)))
                0x0000000090002944                _smbus_driver_api_list_end = .

spi_driver_api_area
                0x0000000090002944        0x0
                0x0000000090002944                _spi_driver_api_list_start = .
 *(SORT_BY_NAME(SORT_BY_ALIGNMENT(._spi_driver_api.static.*)))
                0x0000000090002944                _spi_driver_api_list_end = .

stepper_driver_api_area
                0x0000000090002944        0x0
                0x0000000090002944                _stepper_driver_api_list_start = .
 *(SORT_BY_NAME(SORT_BY_ALIGNMENT(._stepper_driver_api.static.*)))
                0x0000000090002944                _stepper_driver_api_list_end = .

syscon_driver_api_area
                0x0000000090002944        0x0
                0x0000000090002944                _syscon_driver_api_list_start = .
 *(SORT_BY_NAME(SORT_BY_ALIGNMENT(._syscon_driver_api.static.*)))
                0x0000000090002944                _syscon_driver_api_list_end = .

tee_driver_api_area
                0x0000000090002944        0x0
                0x0000000090002944                _tee_driver_api_list_start = .
 *(SORT_BY_NAME(SORT_BY_ALIGNMENT(._tee_driver_api.static.*)))
                0x0000000090002944                _tee_driver_api_list_end = .

video_driver_api_area
                0x0000000090002944        0x0
                0x0000000090002944                _video_driver_api_list_start = .
 *(SORT_BY_NAME(SORT_BY_ALIGNMENT(._video_driver_api.static.*)))
                0x0000000090002944                _video_driver_api_list_end = .

virtio_driver_api_area
                0x0000000090002944        0x0
                0x0000000090002944                _virtio_driver_api_list_start = .
 *(SORT_BY_NAME(SORT_BY_ALIGNMENT(._virtio_driver_api.static.*)))
                0x0000000090002944                _virtio_driver_api_list_end = .

w1_driver_api_area
                0x0000000090002944        0x0
                0x0000000090002944                _w1_driver_api_list_start = .
 *(SORT_BY_NAME(SORT_BY_ALIGNMENT(._w1_driver_api.static.*)))
                0x0000000090002944                _w1_driver_api_list_end = .

wdt_driver_api_area
                0x0000000090002944        0x0
                0x0000000090002944                _wdt_driver_api_list_start = .
 *(SORT_BY_NAME(SORT_BY_ALIGNMENT(._wdt_driver_api.static.*)))
                0x0000000090002944                _wdt_driver_api_list_end = .

can_transceiver_driver_api_area
                0x0000000090002944        0x0
                0x0000000090002944                _can_transceiver_driver_api_list_start = .
 *(SORT_BY_NAME(SORT_BY_ALIGNMENT(._can_transceiver_driver_api.static.*)))
                0x0000000090002944                _can_transceiver_driver_api_list_end = .

nrf_clock_control_driver_api_area
                0x0000000090002944        0x0
                0x0000000090002944                _nrf_clock_control_driver_api_list_start = .
 *(SORT_BY_NAME(SORT_BY_ALIGNMENT(._nrf_clock_control_driver_api.static.*)))
                0x0000000090002944                _nrf_clock_control_driver_api_list_end = .

i3c_target_driver_api_area
                0x0000000090002944        0x0
                0x0000000090002944                _i3c_target_driver_api_list_start = .
 *(SORT_BY_NAME(SORT_BY_ALIGNMENT(._i3c_target_driver_api.static.*)))
                0x0000000090002944                _i3c_target_driver_api_list_end = .

its_driver_api_area
                0x0000000090002944        0x0
                0x0000000090002944                _its_driver_api_list_start = .
 *(SORT_BY_NAME(SORT_BY_ALIGNMENT(._its_driver_api.static.*)))
                0x0000000090002944                _its_driver_api_list_end = .

vtd_driver_api_area
                0x0000000090002944        0x0
                0x0000000090002944                _vtd_driver_api_list_start = .
 *(SORT_BY_NAME(SORT_BY_ALIGNMENT(._vtd_driver_api.static.*)))
                0x0000000090002944                _vtd_driver_api_list_end = .

renesas_elc_driver_api_area
                0x0000000090002944        0x0
                0x0000000090002944                _renesas_elc_driver_api_list_start = .
 *(SORT_BY_NAME(SORT_BY_ALIGNMENT(._renesas_elc_driver_api.static.*)))
                0x0000000090002944                _renesas_elc_driver_api_list_end = .

tgpio_driver_api_area
                0x0000000090002944        0x0
                0x0000000090002944                _tgpio_driver_api_list_start = .
 *(SORT_BY_NAME(SORT_BY_ALIGNMENT(._tgpio_driver_api.static.*)))
                0x0000000090002944                _tgpio_driver_api_list_end = .

pcie_ctrl_driver_api_area
                0x0000000090002944        0x0
                0x0000000090002944                _pcie_ctrl_driver_api_list_start = .
 *(SORT_BY_NAME(SORT_BY_ALIGNMENT(._pcie_ctrl_driver_api.static.*)))
                0x0000000090002944                _pcie_ctrl_driver_api_list_end = .

pcie_ep_driver_api_area
                0x0000000090002944        0x0
                0x0000000090002944                _pcie_ep_driver_api_list_start = .
 *(SORT_BY_NAME(SORT_BY_ALIGNMENT(._pcie_ep_driver_api.static.*)))
                0x0000000090002944                _pcie_ep_driver_api_list_end = .

psi5_driver_api_area
                0x0000000090002944        0x0
                0x0000000090002944                _psi5_driver_api_list_start = .
 *(SORT_BY_NAME(SORT_BY_ALIGNMENT(._psi5_driver_api.static.*)))
                0x0000000090002944                _psi5_driver_api_list_end = .

sent_driver_api_area
                0x0000000090002944        0x0
                0x0000000090002944                _sent_driver_api_list_start = .
 *(SORT_BY_NAME(SORT_BY_ALIGNMENT(._sent_driver_api.static.*)))
                0x0000000090002944                _sent_driver_api_list_end = .

svc_driver_api_area
                0x0000000090002944        0x0
                0x0000000090002944                _svc_driver_api_list_start = .
 *(SORT_BY_NAME(SORT_BY_ALIGNMENT(._svc_driver_api.static.*)))
                0x0000000090002944                _svc_driver_api_list_end = .

uart_driver_api_area
                0x0000000090002944       0x14
                0x0000000090002944                _uart_driver_api_list_start = .
 *(SORT_BY_NAME(SORT_BY_ALIGNMENT(._uart_driver_api.static.*)))
 ._uart_driver_api.static.uart_ns16550_driver_api_
                0x0000000090002944       0x14 zephyr/drivers/serial/libdrivers__serial.a(uart_ns16550.c.obj)
                0x0000000090002958                _uart_driver_api_list_end = .

bc12_emul_driver_api_area
                0x0000000090002958        0x0
                0x0000000090002958                _bc12_emul_driver_api_list_start = .
 *(SORT_BY_NAME(SORT_BY_ALIGNMENT(._bc12_emul_driver_api.static.*)))
                0x0000000090002958                _bc12_emul_driver_api_list_end = .

bc12_driver_api_area
                0x0000000090002958        0x0
                0x0000000090002958                _bc12_driver_api_list_start = .
 *(SORT_BY_NAME(SORT_BY_ALIGNMENT(._bc12_driver_api.static.*)))
                0x0000000090002958                _bc12_driver_api_list_end = .

usbc_ppc_driver_api_area
                0x0000000090002958        0x0
                0x0000000090002958                _usbc_ppc_driver_api_list_start = .
 *(SORT_BY_NAME(SORT_BY_ALIGNMENT(._usbc_ppc_driver_api.static.*)))
                0x0000000090002958                _usbc_ppc_driver_api_list_end = .

tcpc_driver_api_area
                0x0000000090002958        0x0
                0x0000000090002958                _tcpc_driver_api_list_start = .
 *(SORT_BY_NAME(SORT_BY_ALIGNMENT(._tcpc_driver_api.static.*)))
                0x0000000090002958                _tcpc_driver_api_list_end = .

usbc_vbus_driver_api_area
                0x0000000090002958        0x0
                0x0000000090002958                _usbc_vbus_driver_api_list_start = .
 *(SORT_BY_NAME(SORT_BY_ALIGNMENT(._usbc_vbus_driver_api.static.*)))
                0x0000000090002958                _usbc_vbus_driver_api_list_end = .

ivshmem_driver_api_area
                0x0000000090002958        0x0
                0x0000000090002958                _ivshmem_driver_api_list_start = .
 *(SORT_BY_NAME(SORT_BY_ALIGNMENT(._ivshmem_driver_api.static.*)))
                0x0000000090002958                _ivshmem_driver_api_list_end = .

ethphy_driver_api_area
                0x0000000090002958        0x0
                0x0000000090002958                _ethphy_driver_api_list_start = .
 *(SORT_BY_NAME(SORT_BY_ALIGNMENT(._ethphy_driver_api.static.*)))
                0x0000000090002958                _ethphy_driver_api_list_end = .

ztest           0x0000000090002958        0x0
                0x0000000090002958                _ztest_expected_result_entry_list_start = .
 *(SORT_BY_NAME(SORT_BY_ALIGNMENT(._ztest_expected_result_entry.static.*)))
                0x0000000090002958                _ztest_expected_result_entry_list_end = .
                0x0000000090002958                _ztest_suite_node_list_start = .
 *(SORT_BY_NAME(SORT_BY_ALIGNMENT(._ztest_suite_node.static.*)))
                0x0000000090002958                _ztest_suite_node_list_end = .
                0x0000000090002958                _ztest_unit_test_list_start = .
 *(SORT_BY_NAME(SORT_BY_ALIGNMENT(._ztest_unit_test.static.*)))
                0x0000000090002958                _ztest_unit_test_list_end = .
                0x0000000090002958                _ztest_test_rule_list_start = .
 *(SORT_BY_NAME(SORT_BY_ALIGNMENT(._ztest_test_rule.static.*)))
                0x0000000090002958                _ztest_test_rule_list_end = .

init_array      0x0000000090002958        0x0
                0x0000000090002958                __zephyr_init_array_start = .
 *(SORT_BY_INIT_PRIORITY(.init_array.*) SORT_BY_INIT_PRIORITY(.ctors.*))
 *(SORT_BY_ALIGNMENT(.init_array) SORT_BY_ALIGNMENT(.ctors))
                0x0000000090002958                __zephyr_init_array_end = .
                0x0000000000000001                ASSERT ((__zephyr_init_array_start == __zephyr_init_array_end), GNU-style constructors required but STATIC_INIT_GNU not enabled)

bt_l2cap_fixed_chan_area
                0x0000000090002958        0x0
                0x0000000090002958                _bt_l2cap_fixed_chan_list_start = .
 *(SORT_BY_NAME(SORT_BY_ALIGNMENT(._bt_l2cap_fixed_chan.static.*)))
                0x0000000090002958                _bt_l2cap_fixed_chan_list_end = .

bt_gatt_service_static_area
                0x0000000090002958        0x0
                0x0000000090002958                _bt_gatt_service_static_list_start = .
 *(SORT_BY_NAME(SORT_BY_ALIGNMENT(._bt_gatt_service_static.static.*)))
                0x0000000090002958                _bt_gatt_service_static_list_end = .

log_strings_area
                0x0000000090002958        0x0
                0x0000000090002958                _log_strings_list_start = .
 *(SORT_BY_NAME(SORT_BY_ALIGNMENT(._log_strings.static.*)))
                0x0000000090002958                _log_strings_list_end = .

log_stmesp_ptr_area
                0x0000000090002958        0x0
                0x0000000090002958                _log_stmesp_ptr_list_start = .
 *(SORT_BY_NAME(SORT_BY_ALIGNMENT(._log_stmesp_ptr.static.*)))
                0x0000000090002958                _log_stmesp_ptr_list_end = .

log_stmesp_str_area
                0x0000000090002958        0x0
                0x0000000090002958                _log_stmesp_str_list_start = .
 *(SORT_BY_NAME(SORT_BY_ALIGNMENT(._log_stmesp_str.static.*)))
                0x0000000090002958                _log_stmesp_str_list_end = .

log_const_area  0x0000000090002958        0x0
                0x0000000090002958                _log_const_list_start = .
 *(SORT_BY_NAME(SORT_BY_ALIGNMENT(._log_const.static.*)))
                0x0000000090002958                _log_const_list_end = .

log_backend_area
                0x0000000090002958        0x0
                0x0000000090002958                _log_backend_list_start = .
 *(SORT_BY_NAME(SORT_BY_ALIGNMENT(._log_backend.static.*)))
                0x0000000090002958                _log_backend_list_end = .

log_link_area   0x0000000090002958        0x0
                0x0000000090002958                _log_link_list_start = .
 *(SORT_BY_NAME(SORT_BY_ALIGNMENT(._log_link.static.*)))
                0x0000000090002958                _log_link_list_end = .

tracing_backend_area
                0x0000000090002958        0x0
                0x0000000090002958                _tracing_backend_list_start = .
 *(SORT_BY_NAME(SORT_BY_ALIGNMENT(._tracing_backend.static.*)))
                0x0000000090002958                _tracing_backend_list_end = .

zephyr_dbg_info
 *(SORT_BY_ALIGNMENT(.dbg_thread_info))

intc_table_area
                0x0000000090002958       0x10
                0x0000000090002958                _intc_table_list_start = .
 *(SORT_BY_NAME(SORT_BY_ALIGNMENT(._intc_table.static.*)))
 ._intc_table.static.plic0_
                0x0000000090002958       0x10 zephyr/drivers/interrupt_controller/libdrivers__interrupt_controller.a(intc_plic.c.obj)
                0x0000000090002968                _intc_table_list_end = .

symbol_to_keep  0x0000000090002968        0x0
                0x0000000090002968                __symbol_to_keep_start = .
 *(SORT_BY_NAME(SORT_BY_ALIGNMENT(.symbol_to_keep*)))
                0x0000000090002968                __symbol_to_keep_end = .

shell_area      0x0000000090002968        0x0
                0x0000000090002968                _shell_list_start = .
 *(SORT_BY_NAME(SORT_BY_ALIGNMENT(._shell.static.*)))
                0x0000000090002968                _shell_list_end = .

shell_root_cmds_area
                0x0000000090002968        0x0
                0x0000000090002968                _shell_root_cmds_list_start = .
 *(SORT_BY_NAME(SORT_BY_ALIGNMENT(._shell_root_cmds.static.*)))
                0x0000000090002968                _shell_root_cmds_list_end = .

shell_subcmds_area
                0x0000000090002968        0x0
                0x0000000090002968                _shell_subcmds_list_start = .
 *(SORT_BY_NAME(SORT_BY_ALIGNMENT(._shell_subcmds.static.*)))
                0x0000000090002968                _shell_subcmds_list_end = .

shell_dynamic_subcmds_area
                0x0000000090002968        0x0
                0x0000000090002968                _shell_dynamic_subcmds_list_start = .
 *(SORT_BY_NAME(SORT_BY_ALIGNMENT(._shell_dynamic_subcmds.static.*)))
                0x0000000090002968                _shell_dynamic_subcmds_list_end = .

cfb_font_area   0x0000000090002968        0x0
                0x0000000090002968                _cfb_font_list_start = .
 *(SORT_BY_NAME(SORT_BY_ALIGNMENT(._cfb_font.static.*)))
                0x0000000090002968                _cfb_font_list_end = .

tdata           0x0000000090002968        0x0
 *(SORT_BY_ALIGNMENT(.tdata) SORT_BY_ALIGNMENT(.tdata.*) SORT_BY_ALIGNMENT(.gnu.linkonce.td.*))

tbss            0x0000000090002968        0x4
 *(SORT_BY_ALIGNMENT(.tbss) SORT_BY_ALIGNMENT(.tbss.*) SORT_BY_ALIGNMENT(.gnu.linkonce.tb.*) SORT_BY_ALIGNMENT(.tcommon))
 .tbss.z_tls_current
                0x0000000090002968        0x4 zephyr/libzephyr.a(thread_entry.c.obj)
                0x0000000090002968                z_tls_current
                0x0000000090002968                PROVIDE (__tdata_start = ADDR (tdata))
                0x0000000000000001                PROVIDE (__tdata_align = ALIGNOF (tdata))
                0x0000000000000000                PROVIDE (__tdata_size = (((SIZEOF (tdata) + __tdata_align) - 0x1) & ~ ((__tdata_align - 0x1))))
                [!provide]                        PROVIDE (__tdata_end = (__tdata_start + __tdata_size))
                0x0000000000000004                PROVIDE (__tbss_align = ALIGNOF (tbss))
                [!provide]                        PROVIDE (__tbss_start = ADDR (tbss))
                0x0000000000000004                PROVIDE (__tbss_size = (((SIZEOF (tbss) + __tbss_align) - 0x1) & ~ ((__tbss_align - 0x1))))
                [!provide]                        PROVIDE (__tbss_end = (__tbss_start + __tbss_size))
                [!provide]                        PROVIDE (__tls_start = __tdata_start)
                [!provide]                        PROVIDE (__tls_end = __tbss_end)
                [!provide]                        PROVIDE (__tls_size = (__tbss_end - __tdata_start))

rodata          0x0000000090002968      0x698
                0x0000000090002968                . = ALIGN (0x4)
 *(SORT_BY_ALIGNMENT(.srodata))
 *(SORT_BY_ALIGNMENT(.srodata.*))
 .srodata.stdout
                0x0000000090002968        0x4 zephyr/lib/libc/picolibc/liblib__libc__picolibc.a(stdio.c.obj)
                0x0000000090002968                stdout
                0x0000000090002968                stderr
 .srodata.plic_hart_contexts_0
                0x000000009000296c        0x4 zephyr/drivers/interrupt_controller/libdrivers__interrupt_controller.a(intc_plic.c.obj)
 .srodata.__pinctrl_dev_config__device_dts_ord_47
                0x0000000090002970        0x8 zephyr/drivers/serial/libdrivers__serial.a(uart_ns16550.c.obj)
 .srodata.__pinctrl_states__device_dts_ord_47
                0x0000000090002978        0x8 zephyr/drivers/serial/libdrivers__serial.a(uart_ns16550.c.obj)
 .srodata.__pinctrl_state_pins_0__device_dts_ord_47
                0x0000000090002980        0x4 zephyr/drivers/serial/libdrivers__serial.a(uart_ns16550.c.obj)
 *(SORT_BY_ALIGNMENT(.rodata))
 .rodata        0x0000000090002984      0x100 /home/ubuntu/zephyr-sdk-0.16.8/riscv64-zephyr-elf/bin/../lib/gcc/riscv64-zephyr-elf/12.2.0/rv32imac_zicsr_zifencei/ilp32/libgcc.a(_clz.o)
                0x0000000090002984                __clz_tab
 *(SORT_BY_ALIGNMENT(.rodata.*))
 .rodata.main.str1.4
                0x0000000090002a84       0x25 app/libapp.a(main.c.obj)
 *fill*         0x0000000090002aa9        0x3 
 .rodata.z_riscv_fatal_error.str1.4
                0x0000000090002aac      0x211 zephyr/arch/arch/riscv/core/libarch__riscv__core.a(fatal.c.obj)
                                        0x215 (size before relaxing)
 *fill*         0x0000000090002cbd        0x3 
 .rodata.str1.4
                0x0000000090002cc0      0x165 zephyr/arch/arch/riscv/core/libarch__riscv__core.a(fatal.c.obj)
 *fill*         0x0000000090002e25        0x3 
 .rodata.mcause_str.0
                0x0000000090002e28       0x44 zephyr/arch/arch/riscv/core/libarch__riscv__core.a(fatal.c.obj)
 .rodata.print_trace_address.str1.4
                0x0000000090002e6c       0x1f zephyr/arch/arch/riscv/core/libarch__riscv__core.a(stacktrace.c.obj)
 *fill*         0x0000000090002e8b        0x1 
 .rodata.z_riscv_unwind_stack.str1.4
                0x0000000090002e8c        0xd zephyr/arch/arch/riscv/core/libarch__riscv__core.a(stacktrace.c.obj)
                                         0x12 (size before relaxing)
 *fill*         0x0000000090002e99        0x3 
 .rodata.str1.4
                0x0000000090002e9c       0x1d zephyr/drivers/interrupt_controller/libdrivers__interrupt_controller.a(intc_plic.c.obj)
 *fill*         0x0000000090002eb9        0x3 
 .rodata.plic_config_0
                0x0000000090002ebc       0x28 zephyr/drivers/interrupt_controller/libdrivers__interrupt_controller.a(intc_plic.c.obj)
 .rodata.str1.4
                0x0000000090002ee4        0x7 zephyr/drivers/serial/libdrivers__serial.a(uart_ns16550.c.obj)
 *fill*         0x0000000090002eeb        0x1 
 .rodata.uart_ns16550_dev_cfg_0
                0x0000000090002eec       0x18 zephyr/drivers/serial/libdrivers__serial.a(uart_ns16550.c.obj)
 .rodata.z_cstart.str1.4
                0x0000000090002f04        0x5 zephyr/kernel/libkernel.a(init.c.obj)
 *fill*         0x0000000090002f09        0x3 
 .rodata.levels.0
                0x0000000090002f0c       0x18 zephyr/kernel/libkernel.a(init.c.obj)
 .rodata.boot_banner.str1.4
                0x0000000090002f24       0x3a zephyr/kernel/libkernel.a(banner.c.obj)
 *fill*         0x0000000090002f5e        0x2 
 .rodata.__l_vfprintf.str1.4
                0x0000000090002f60       0x10 /home/ubuntu/zephyr-sdk-0.16.8/riscv64-zephyr-elf/bin/../lib/gcc/../../picolibc/riscv64-zephyr-elf/lib/rv32imac_zicsr_zifencei/ilp32/libc.a(libc_tinystdio_vflprintf.c.o)
 .rodata.__l_vfprintf
                0x0000000090002f70       0x90 /home/ubuntu/zephyr-sdk-0.16.8/riscv64-zephyr-elf/bin/../lib/gcc/../../picolibc/riscv64-zephyr-elf/lib/rv32imac_zicsr_zifencei/ilp32/libc.a(libc_tinystdio_vflprintf.c.o)
 *(SORT_BY_ALIGNMENT(.gnu.linkonce.r.*))
 *(SORT_BY_ALIGNMENT(.sdata2) SORT_BY_ALIGNMENT(.sdata2.*) SORT_BY_ALIGNMENT(.gnu.linkonce.s2.*))
                0x0000000090003000                . = ALIGN (0x4)
                [!provide]                        PROVIDE (__eh_frame_start = 0x0)
                [!provide]                        PROVIDE (__eh_frame_end = 0x0)
                [!provide]                        PROVIDE (__eh_frame_hdr_start = 0x0)
                [!provide]                        PROVIDE (__eh_frame_hdr_end = 0x0)

/DISCARD/
 *(SORT_BY_ALIGNMENT(.eh_frame))
                0x0000000090003000                __rodata_region_end = .
                0x0000000090003000                __rom_region_end = .
                0x0000000000003000                __rom_region_size = (__rom_region_end - __rom_region_start)
                0x0000000090000000                . = 0x90000000
                0x0000000090000000                _image_ram_start = .

datas           0x0000000090003000       0x30
                0x0000000090003000                . = ALIGN (0x4)
                0x0000000090003000                __kernel_ram_start = .
                0x0000000090003000                __data_region_start = .
                0x0000000090003000                __data_start = .
 *(SORT_BY_ALIGNMENT(.data))
 *(SORT_BY_ALIGNMENT(.data.*))
 .data.__stdout
                0x0000000090003000       0x14 zephyr/lib/libc/picolibc/liblib__libc__picolibc.a(stdio.c.obj)
 .data.uart_ns16550_dev_data_0
                0x0000000090003014        0xc zephyr/drivers/serial/libdrivers__serial.a(uart_ns16550.c.obj)
                0x0000000090003020                . = ALIGN (0x8)
 *fill*         0x0000000090003020        0x0 
                0x0000000090003820                PROVIDE (__global_pointer$ = (. + 0x800))
 *(SORT_BY_ALIGNMENT(.sdata) SORT_BY_ALIGNMENT(.sdata.*) SORT_BY_ALIGNMENT(.gnu.linkonce.s.*))
 .sdata._char_out
                0x0000000090003020        0x4 zephyr/libzephyr.a(printk.c.obj)
 .sdata.slice_ticks
                0x0000000090003024        0x4 zephyr/kernel/libkernel.a(timeslicing.c.obj)
 .sdata.timeout_list
                0x0000000090003028        0x8 zephyr/kernel/libkernel.a(timeout.c.obj)
                0x0000000090003030                __data_end = .
                0x0000000000000030                __data_size = (__data_end - __data_start)
                0x0000000090003000                __data_load_start = LOADADDR (datas)
                0x0000000090003000                __data_region_load_start = LOADADDR (datas)

device_states   0x0000000090003030        0x4
                0x0000000090003030                . = ALIGN (0x4)
                0x0000000090003030                __device_states_start = .
 *(SORT_BY_ALIGNMENT(.z_devstate))
 .z_devstate    0x0000000090003030        0x2 zephyr/drivers/interrupt_controller/libdrivers__interrupt_controller.a(intc_plic.c.obj)
 .z_devstate    0x0000000090003032        0x2 zephyr/drivers/serial/libdrivers__serial.a(uart_ns16550.c.obj)
 *(SORT_BY_ALIGNMENT(.z_devstate.*))
                0x0000000090003034                __device_states_end = .
                0x0000000090003034                . = ALIGN (0x4)

log_mpsc_pbuf_area
                0x0000000090003034        0x0
                0x0000000090003034                _log_mpsc_pbuf_list_start = .
 *(SORT_BY_NAME(SORT_BY_ALIGNMENT(._log_mpsc_pbuf.static.*)))
                0x0000000090003034                _log_mpsc_pbuf_list_end = .

log_msg_ptr_area
                0x0000000090003034        0x0
                0x0000000090003034                _log_msg_ptr_list_start = .
 *(SORT_BY_NAME(SORT_BY_ALIGNMENT(._log_msg_ptr.static.*)))
                0x0000000090003034                _log_msg_ptr_list_end = .

log_dynamic_area
                0x0000000090003034        0x0
                0x0000000090003034                _log_dynamic_list_start = .
 *(SORT_BY_NAME(SORT_BY_ALIGNMENT(._log_dynamic.static.*)))
                0x0000000090003034                _log_dynamic_list_end = .

k_timer_area    0x0000000090003034        0x0
                0x0000000090003034                _k_timer_list_start = .
 *(SORT_BY_NAME(SORT_BY_ALIGNMENT(._k_timer.static.*)))
                0x0000000090003034                _k_timer_list_end = .

k_mem_slab_area
                0x0000000090003034        0x0
                0x0000000090003034                _k_mem_slab_list_start = .
 *(SORT_BY_NAME(SORT_BY_ALIGNMENT(._k_mem_slab.static.*)))
                0x0000000090003034                _k_mem_slab_list_end = .

k_heap_area     0x0000000090003034        0x0
                0x0000000090003034                _k_heap_list_start = .
 *(SORT_BY_NAME(SORT_BY_ALIGNMENT(._k_heap.static.*)))
                0x0000000090003034                _k_heap_list_end = .

k_mutex_area    0x0000000090003034        0x0
                0x0000000090003034                _k_mutex_list_start = .
 *(SORT_BY_NAME(SORT_BY_ALIGNMENT(._k_mutex.static.*)))
                0x0000000090003034                _k_mutex_list_end = .

k_stack_area    0x0000000090003034        0x0
                0x0000000090003034                _k_stack_list_start = .
 *(SORT_BY_NAME(SORT_BY_ALIGNMENT(._k_stack.static.*)))
                0x0000000090003034                _k_stack_list_end = .

k_msgq_area     0x0000000090003034        0x0
                0x0000000090003034                _k_msgq_list_start = .
 *(SORT_BY_NAME(SORT_BY_ALIGNMENT(._k_msgq.static.*)))
                0x0000000090003034                _k_msgq_list_end = .

k_mbox_area     0x0000000090003034        0x0
                0x0000000090003034                _k_mbox_list_start = .
 *(SORT_BY_NAME(SORT_BY_ALIGNMENT(._k_mbox.static.*)))
                0x0000000090003034                _k_mbox_list_end = .

k_pipe_area     0x0000000090003034        0x0
                0x0000000090003034                _k_pipe_list_start = .
 *(SORT_BY_NAME(SORT_BY_ALIGNMENT(._k_pipe.static.*)))
                0x0000000090003034                _k_pipe_list_end = .

k_sem_area      0x0000000090003034        0x0
                0x0000000090003034                _k_sem_list_start = .
 *(SORT_BY_NAME(SORT_BY_ALIGNMENT(._k_sem.static.*)))
                0x0000000090003034                _k_sem_list_end = .

k_event_area    0x0000000090003034        0x0
                0x0000000090003034                _k_event_list_start = .
 *(SORT_BY_NAME(SORT_BY_ALIGNMENT(._k_event.static.*)))
                0x0000000090003034                _k_event_list_end = .

k_queue_area    0x0000000090003034        0x0
                0x0000000090003034                _k_queue_list_start = .
 *(SORT_BY_NAME(SORT_BY_ALIGNMENT(._k_queue.static.*)))
                0x0000000090003034                _k_queue_list_end = .

k_fifo_area     0x0000000090003034        0x0
                0x0000000090003034                _k_fifo_list_start = .
 *(SORT_BY_NAME(SORT_BY_ALIGNMENT(._k_fifo.static.*)))
                0x0000000090003034                _k_fifo_list_end = .

k_lifo_area     0x0000000090003034        0x0
                0x0000000090003034                _k_lifo_list_start = .
 *(SORT_BY_NAME(SORT_BY_ALIGNMENT(._k_lifo.static.*)))
                0x0000000090003034                _k_lifo_list_end = .

k_condvar_area  0x0000000090003034        0x0
                0x0000000090003034                _k_condvar_list_start = .
 *(SORT_BY_NAME(SORT_BY_ALIGNMENT(._k_condvar.static.*)))
                0x0000000090003034                _k_condvar_list_end = .

sys_mem_blocks_ptr_area
                0x0000000090003034        0x0
                0x0000000090003034                _sys_mem_blocks_ptr_list_start = .
 *(SORT_BY_NAME(SORT_BY_ALIGNMENT(._sys_mem_blocks_ptr.static.*)))
                0x0000000090003034                _sys_mem_blocks_ptr_list_end = .

net_buf_pool_area
                0x0000000090003034        0x0
                0x0000000090003034                _net_buf_pool_list_start = .
 *(SORT_BY_NAME(SORT_BY_ALIGNMENT(._net_buf_pool.static.*)))
                0x0000000090003034                _net_buf_pool_list_end = .
                0x0000000090003034                __data_region_end = .

bss             0x0000000090003038      0x22c
                0x0000000090003038                . = ALIGN (0x4)
                0x0000000090003038                __bss_start = .
 *(SORT_BY_ALIGNMENT(.sbss))
 *(SORT_BY_ALIGNMENT(.sbss.*))
 .sbss.last_ticks
                0x0000000090003038        0x8 zephyr/drivers/timer/libdrivers__timer.a(riscv_machine_timer.c.obj)
 .sbss.last_count
                0x0000000090003040        0x8 zephyr/drivers/timer/libdrivers__timer.a(riscv_machine_timer.c.obj)
 .sbss.curr_tick
                0x0000000090003048        0x8 zephyr/kernel/libkernel.a(timeout.c.obj)
 .sbss._stdout_hook
                0x0000000090003050        0x4 zephyr/lib/libc/picolibc/liblib__libc__picolibc.a(stdio.c.obj)
 .sbss.save_dev
                0x0000000090003054        0x4 zephyr/drivers/interrupt_controller/libdrivers__interrupt_controller.a(intc_plic.c.obj)
 .sbss.save_irq
                0x0000000090003058        0x4 zephyr/drivers/interrupt_controller/libdrivers__interrupt_controller.a(intc_plic.c.obj)
 .sbss.last_elapsed
                0x000000009000305c        0x4 zephyr/drivers/timer/libdrivers__timer.a(riscv_machine_timer.c.obj)
 .sbss.slice_expired
                0x0000000090003060        0x1 zephyr/kernel/libkernel.a(timeslicing.c.obj)
 *fill*         0x0000000090003061        0x3 
 .sbss.slice_max_prio
                0x0000000090003064        0x4 zephyr/kernel/libkernel.a(timeslicing.c.obj)
 .sbss.announce_remaining
                0x0000000090003068        0x4 zephyr/kernel/libkernel.a(timeout.c.obj)
 .sbss.z_sys_post_kernel
                0x000000009000306c        0x1 zephyr/kernel/libkernel.a(init.c.obj)
                0x000000009000306c                z_sys_post_kernel
 *(SORT_BY_ALIGNMENT(.bss))
 *(SORT_BY_ALIGNMENT(.bss.*))
 *fill*         0x000000009000306d        0x3 
 .bss.z_idle_threads
                0x0000000090003070       0x90 zephyr/kernel/libkernel.a(init.c.obj)
                0x0000000090003070                z_idle_threads
 .bss.z_main_thread
                0x0000000090003100       0x90 zephyr/kernel/libkernel.a(init.c.obj)
                0x0000000090003100                z_main_thread
 .bss._thread_dummy
                0x0000000090003190       0x90 zephyr/kernel/libkernel.a(sched.c.obj)
                0x0000000090003190                _thread_dummy
 .bss.slice_timeouts
                0x0000000090003220       0x18 zephyr/kernel/libkernel.a(timeslicing.c.obj)
 .bss.z_malloc_heap
                0x0000000090003238        0xc zephyr/lib/libc/common/liblib__libc__common.a(malloc.c.obj)
 .bss.plic_data_0
                0x0000000090003244        0x0 zephyr/drivers/interrupt_controller/libdrivers__interrupt_controller.a(intc_plic.c.obj)
 .bss._kernel   0x0000000090003244       0x20 zephyr/kernel/libkernel.a(init.c.obj)
                0x0000000090003244                _kernel
 .bss._sched_spinlock
                0x0000000090003264        0x0 zephyr/kernel/libkernel.a(sched.c.obj)
                0x0000000090003264                _sched_spinlock
 *(SORT_BY_ALIGNMENT(COMMON))
                0x0000000090003264                __bss_end = ALIGN (0x4)

noinit          0x0000000090003270      0xe00
 *(SORT_BY_ALIGNMENT(.noinit))
 *(SORT_BY_ALIGNMENT(.noinit.*))
 .noinit."WEST_TOPDIR/zephyr/kernel/init.c".2
                0x0000000090003270      0x800 zephyr/kernel/libkernel.a(init.c.obj)
                0x0000000090003270                z_interrupt_stacks
 .noinit."WEST_TOPDIR/zephyr/kernel/init.c".1
                0x0000000090003a70      0x200 zephyr/kernel/libkernel.a(init.c.obj)
 .noinit."WEST_TOPDIR/zephyr/kernel/init.c".0
                0x0000000090003c70      0x400 zephyr/kernel/libkernel.a(init.c.obj)
                0x0000000090003c70                z_main_stack
                0x0000000090004070                __kernel_ram_end = .
                0x0000000000001070                __kernel_ram_size = (__kernel_ram_end - __kernel_ram_start)

.intList        0x00000000fffff000       0x28
 *(SORT_BY_ALIGNMENT(.irq_info*))
 .irq_info      0x00000000fffff000        0x8 zephyr/arch/common/libisr_tables.a(isr_tables.c.obj)
                0x00000000fffff000                _iheader
 *(SORT_BY_ALIGNMENT(.intList*))
 .intList       0x00000000fffff008       0x10 zephyr/drivers/interrupt_controller/libdrivers__interrupt_controller.a(intc_plic.c.obj)
 .intList       0x00000000fffff018       0x10 zephyr/drivers/timer/libdrivers__timer.a(riscv_machine_timer.c.obj)

.last_ram_section
                0x0000000090004070        0x0
                0x0000000090004070                _image_ram_end = .
                0x0000000000004070                _image_ram_size = (_image_ram_end - _image_ram_start)
                0x0000000090004070                _end = .
                0x0000000090004070                z_mapped_end = .

.stab
 *(SORT_BY_ALIGNMENT(.stab))

.stabstr
 *(SORT_BY_ALIGNMENT(.stabstr))

.stab.excl
 *(SORT_BY_ALIGNMENT(.stab.excl))

.stab.exclstr
 *(SORT_BY_ALIGNMENT(.stab.exclstr))

.stab.index
 *(SORT_BY_ALIGNMENT(.stab.index))

.stab.indexstr
 *(SORT_BY_ALIGNMENT(.stab.indexstr))

.gnu.build.attributes
 *(SORT_BY_ALIGNMENT(.gnu.build.attributes) SORT_BY_ALIGNMENT(.gnu.build.attributes.*))

.comment        0x0000000000000000       0x20
 *(SORT_BY_ALIGNMENT(.comment))
 .comment       0x0000000000000000       0x20 zephyr/CMakeFiles/offsets.dir/./arch/riscv/core/offsets/offsets.c.obj
                                         0x21 (size before relaxing)
 .comment       0x0000000000000020       0x21 app/libapp.a(main.c.obj)
 .comment       0x0000000000000020       0x21 zephyr/libzephyr.a(heap.c.obj)
 .comment       0x0000000000000020       0x21 zephyr/libzephyr.a(printk.c.obj)
 .comment       0x0000000000000020       0x21 zephyr/libzephyr.a(thread_entry.c.obj)
 .comment       0x0000000000000020       0x21 zephyr/libzephyr.a(configs.c.obj)
 .comment       0x0000000000000020       0x21 zephyr/libzephyr.a(soc_common_irq.c.obj)
 .comment       0x0000000000000020       0x21 zephyr/libzephyr.a(clock.c.obj)
 .comment       0x0000000000000020       0x21 zephyr/libzephyr.a(tracing_none.c.obj)
 .comment       0x0000000000000020       0x21 zephyr/arch/common/libarch__common.a(init.c.obj)
 .comment       0x0000000000000020       0x21 zephyr/arch/arch/riscv/core/libarch__riscv__core.a(cpu_idle.c.obj)
 .comment       0x0000000000000020       0x21 zephyr/arch/arch/riscv/core/libarch__riscv__core.a(fatal.c.obj)
 .comment       0x0000000000000020       0x21 zephyr/arch/arch/riscv/core/libarch__riscv__core.a(irq_manage.c.obj)
 .comment       0x0000000000000020       0x21 zephyr/arch/arch/riscv/core/libarch__riscv__core.a(prep_c.c.obj)
 .comment       0x0000000000000020       0x21 zephyr/arch/arch/riscv/core/libarch__riscv__core.a(thread.c.obj)
 .comment       0x0000000000000020       0x21 zephyr/arch/arch/riscv/core/libarch__riscv__core.a(tls.c.obj)
 .comment       0x0000000000000020       0x21 zephyr/arch/arch/riscv/core/libarch__riscv__core.a(stacktrace.c.obj)
 .comment       0x0000000000000020       0x21 zephyr/lib/libc/picolibc/liblib__libc__picolibc.a(stdio.c.obj)
 .comment       0x0000000000000020       0x21 zephyr/lib/libc/common/liblib__libc__common.a(malloc.c.obj)
 .comment       0x0000000000000020       0x21 zephyr/drivers/interrupt_controller/libdrivers__interrupt_controller.a(intc_plic.c.obj)
 .comment       0x0000000000000020       0x21 zephyr/drivers/console/libdrivers__console.a(uart_console.c.obj)
 .comment       0x0000000000000020       0x21 zephyr/drivers/pinctrl/libdrivers__pinctrl.a(common.c.obj)
 .comment       0x0000000000000020       0x21 zephyr/drivers/pinctrl/libdrivers__pinctrl.a(pinctrl_sifive.c.obj)
 .comment       0x0000000000000020       0x21 zephyr/drivers/serial/libdrivers__serial.a(uart_ns16550.c.obj)
 .comment       0x0000000000000020       0x21 zephyr/drivers/timer/libdrivers__timer.a(riscv_machine_timer.c.obj)
 .comment       0x0000000000000020       0x21 zephyr/kernel/libkernel.a(device.c.obj)
 .comment       0x0000000000000020       0x21 zephyr/kernel/libkernel.a(fatal.c.obj)
 .comment       0x0000000000000020       0x21 zephyr/kernel/libkernel.a(init.c.obj)
 .comment       0x0000000000000020       0x21 zephyr/kernel/libkernel.a(idle.c.obj)
 .comment       0x0000000000000020       0x21 zephyr/kernel/libkernel.a(thread.c.obj)
 .comment       0x0000000000000020       0x21 zephyr/kernel/libkernel.a(sched.c.obj)
 .comment       0x0000000000000020       0x21 zephyr/kernel/libkernel.a(timeslicing.c.obj)
 .comment       0x0000000000000020       0x21 zephyr/kernel/libkernel.a(timeout.c.obj)
 .comment       0x0000000000000020       0x21 zephyr/kernel/libkernel.a(banner.c.obj)
 .comment       0x0000000000000020       0x21 zephyr/arch/common/libisr_tables.a(isr_tables.c.obj)

.debug
 *(SORT_BY_ALIGNMENT(.debug))

.line
 *(SORT_BY_ALIGNMENT(.line))

.debug_srcinfo
 *(SORT_BY_ALIGNMENT(.debug_srcinfo))

.debug_sfnames
 *(SORT_BY_ALIGNMENT(.debug_sfnames))

.debug_aranges  0x0000000000000000      0xa78
 *(SORT_BY_ALIGNMENT(.debug_aranges))
 .debug_aranges
                0x0000000000000000       0x20 zephyr/libzephyr.a(soc_irq.S.obj)
 .debug_aranges
                0x0000000000000020       0x20 zephyr/libzephyr.a(vector.S.obj)
 .debug_aranges
                0x0000000000000040       0x28 zephyr/arch/arch/riscv/core/libarch__riscv__core.a(reset.S.obj)
 .debug_aranges
                0x0000000000000068       0x20 zephyr/arch/arch/riscv/core/libarch__riscv__core.a(switch.S.obj)
 .debug_aranges
                0x0000000000000088       0x20 zephyr/arch/arch/riscv/core/libarch__riscv__core.a(isr.S.obj)
 .debug_aranges
                0x00000000000000a8       0x20 zephyr/CMakeFiles/offsets.dir/./arch/riscv/core/offsets/offsets.c.obj
 .debug_aranges
                0x00000000000000c8       0x20 app/libapp.a(main.c.obj)
 .debug_aranges
                0x00000000000000e8       0xd0 zephyr/libzephyr.a(heap.c.obj)
 .debug_aranges
                0x00000000000001b8       0x50 zephyr/libzephyr.a(printk.c.obj)
 .debug_aranges
                0x0000000000000208       0x20 zephyr/libzephyr.a(thread_entry.c.obj)
 .debug_aranges
                0x0000000000000228       0x20 zephyr/libzephyr.a(configs.c.obj)
 .debug_aranges
                0x0000000000000248       0x40 zephyr/libzephyr.a(soc_common_irq.c.obj)
 .debug_aranges
                0x0000000000000288       0x20 zephyr/libzephyr.a(clock.c.obj)
 .debug_aranges
                0x00000000000002a8       0x40 zephyr/libzephyr.a(tracing_none.c.obj)
 .debug_aranges
                0x00000000000002e8       0x30 zephyr/arch/common/libarch__common.a(init.c.obj)
 .debug_aranges
                0x0000000000000318       0x28 zephyr/arch/arch/riscv/core/libarch__riscv__core.a(cpu_idle.c.obj)
 .debug_aranges
                0x0000000000000340       0x38 zephyr/arch/arch/riscv/core/libarch__riscv__core.a(fatal.c.obj)
 .debug_aranges
                0x0000000000000378       0x20 zephyr/arch/arch/riscv/core/libarch__riscv__core.a(irq_manage.c.obj)
 .debug_aranges
                0x0000000000000398       0x20 zephyr/arch/arch/riscv/core/libarch__riscv__core.a(prep_c.c.obj)
 .debug_aranges
                0x00000000000003b8       0x28 zephyr/arch/arch/riscv/core/libarch__riscv__core.a(thread.c.obj)
 .debug_aranges
                0x00000000000003e0       0x20 zephyr/arch/arch/riscv/core/libarch__riscv__core.a(tls.c.obj)
 .debug_aranges
                0x0000000000000400       0x48 zephyr/arch/arch/riscv/core/libarch__riscv__core.a(stacktrace.c.obj)
 .debug_aranges
                0x0000000000000448       0x38 zephyr/lib/libc/picolibc/liblib__libc__picolibc.a(stdio.c.obj)
 .debug_aranges
                0x0000000000000480       0x60 zephyr/lib/libc/common/liblib__libc__common.a(malloc.c.obj)
 .debug_aranges
                0x00000000000004e0       0x70 zephyr/drivers/interrupt_controller/libdrivers__interrupt_controller.a(intc_plic.c.obj)
 .debug_aranges
                0x0000000000000550       0x30 zephyr/drivers/console/libdrivers__console.a(uart_console.c.obj)
 .debug_aranges
                0x0000000000000580       0x20 zephyr/drivers/pinctrl/libdrivers__pinctrl.a(common.c.obj)
 .debug_aranges
                0x00000000000005a0       0x20 zephyr/drivers/pinctrl/libdrivers__pinctrl.a(pinctrl_sifive.c.obj)
 .debug_aranges
                0x00000000000005c0       0x50 zephyr/drivers/serial/libdrivers__serial.a(uart_ns16550.c.obj)
 .debug_aranges
                0x0000000000000610       0x50 zephyr/drivers/timer/libdrivers__timer.a(riscv_machine_timer.c.obj)
 .debug_aranges
                0x0000000000000660       0x50 zephyr/kernel/libkernel.a(device.c.obj)
 .debug_aranges
                0x00000000000006b0       0x38 zephyr/kernel/libkernel.a(fatal.c.obj)
 .debug_aranges
                0x00000000000006e8       0x40 zephyr/kernel/libkernel.a(init.c.obj)
 .debug_aranges
                0x0000000000000728       0x28 zephyr/kernel/libkernel.a(idle.c.obj)
 .debug_aranges
                0x0000000000000750       0x90 zephyr/kernel/libkernel.a(thread.c.obj)
 .debug_aranges
                0x00000000000007e0      0x188 zephyr/kernel/libkernel.a(sched.c.obj)
 .debug_aranges
                0x0000000000000968       0x40 zephyr/kernel/libkernel.a(timeslicing.c.obj)
 .debug_aranges
                0x00000000000009a8       0x98 zephyr/kernel/libkernel.a(timeout.c.obj)
 .debug_aranges
                0x0000000000000a40       0x20 zephyr/kernel/libkernel.a(banner.c.obj)
 .debug_aranges
                0x0000000000000a60       0x18 zephyr/arch/common/libisr_tables.a(isr_tables.c.obj)

.debug_pubnames
 *(SORT_BY_ALIGNMENT(.debug_pubnames))

.debug_info     0x0000000000000000    0x17c61
 *(SORT_BY_ALIGNMENT(.debug_info) SORT_BY_ALIGNMENT(.gnu.linkonce.wi.*))
 .debug_info    0x0000000000000000       0xdc zephyr/CMakeFiles/offsets.dir/./arch/riscv/core/offsets/offsets.c.obj
 .debug_info    0x00000000000000dc       0xcf app/libapp.a(main.c.obj)
 .debug_info    0x00000000000001ab     0x2667 zephyr/libzephyr.a(heap.c.obj)
 .debug_info    0x0000000000002812      0x503 zephyr/libzephyr.a(printk.c.obj)
 .debug_info    0x0000000000002d15      0x708 zephyr/libzephyr.a(thread_entry.c.obj)
 .debug_info    0x000000000000341d       0x38 zephyr/libzephyr.a(configs.c.obj)
 .debug_info    0x0000000000003455       0x23 zephyr/libzephyr.a(soc_irq.S.obj)
 .debug_info    0x0000000000003478      0x4de zephyr/libzephyr.a(soc_common_irq.c.obj)
 .debug_info    0x0000000000003956       0x23 zephyr/libzephyr.a(vector.S.obj)
 .debug_info    0x0000000000003979       0xd9 zephyr/libzephyr.a(clock.c.obj)
 .debug_info    0x0000000000003a52       0xb9 zephyr/libzephyr.a(tracing_none.c.obj)
 .debug_info    0x0000000000003b0b      0x1e9 zephyr/arch/common/libarch__common.a(init.c.obj)
 .debug_info    0x0000000000003cf4      0x147 zephyr/arch/arch/riscv/core/libarch__riscv__core.a(cpu_idle.c.obj)
 .debug_info    0x0000000000003e3b      0x7c2 zephyr/arch/arch/riscv/core/libarch__riscv__core.a(fatal.c.obj)
 .debug_info    0x00000000000045fd      0x579 zephyr/arch/arch/riscv/core/libarch__riscv__core.a(irq_manage.c.obj)
 .debug_info    0x0000000000004b76       0xd4 zephyr/arch/arch/riscv/core/libarch__riscv__core.a(prep_c.c.obj)
 .debug_info    0x0000000000004c4a       0x22 zephyr/arch/arch/riscv/core/libarch__riscv__core.a(reset.S.obj)
 .debug_info    0x0000000000004c6c       0x23 zephyr/arch/arch/riscv/core/libarch__riscv__core.a(switch.S.obj)
 .debug_info    0x0000000000004c8f      0x7a3 zephyr/arch/arch/riscv/core/libarch__riscv__core.a(thread.c.obj)
 .debug_info    0x0000000000005432       0x24 zephyr/arch/arch/riscv/core/libarch__riscv__core.a(isr.S.obj)
 .debug_info    0x0000000000005456      0x668 zephyr/arch/arch/riscv/core/libarch__riscv__core.a(tls.c.obj)
 .debug_info    0x0000000000005abe      0xe9a zephyr/arch/arch/riscv/core/libarch__riscv__core.a(stacktrace.c.obj)
 .debug_info    0x0000000000006958      0x3bb zephyr/lib/libc/picolibc/liblib__libc__picolibc.a(stdio.c.obj)
 .debug_info    0x0000000000006d13      0xddd zephyr/lib/libc/common/liblib__libc__common.a(malloc.c.obj)
 .debug_info    0x0000000000007af0     0x19ff zephyr/drivers/interrupt_controller/libdrivers__interrupt_controller.a(intc_plic.c.obj)
 .debug_info    0x00000000000094ef      0x7e5 zephyr/drivers/console/libdrivers__console.a(uart_console.c.obj)
 .debug_info    0x0000000000009cd4      0x196 zephyr/drivers/pinctrl/libdrivers__pinctrl.a(common.c.obj)
 .debug_info    0x0000000000009e6a      0x299 zephyr/drivers/pinctrl/libdrivers__pinctrl.a(pinctrl_sifive.c.obj)
 .debug_info    0x000000000000a103     0x1d77 zephyr/drivers/serial/libdrivers__serial.a(uart_ns16550.c.obj)
 .debug_info    0x000000000000be7a      0x8d3 zephyr/drivers/timer/libdrivers__timer.a(riscv_machine_timer.c.obj)
 .debug_info    0x000000000000c74d      0x417 zephyr/kernel/libkernel.a(device.c.obj)
 .debug_info    0x000000000000cb64      0xa60 zephyr/kernel/libkernel.a(fatal.c.obj)
 .debug_info    0x000000000000d5c4     0x16d2 zephyr/kernel/libkernel.a(init.c.obj)
 .debug_info    0x000000000000ec96      0x22b zephyr/kernel/libkernel.a(idle.c.obj)
 .debug_info    0x000000000000eec1     0x1417 zephyr/kernel/libkernel.a(thread.c.obj)
 .debug_info    0x00000000000102d8     0x5753 zephyr/kernel/libkernel.a(sched.c.obj)
 .debug_info    0x0000000000015a2b      0xcec zephyr/kernel/libkernel.a(timeslicing.c.obj)
 .debug_info    0x0000000000016717     0x1324 zephyr/kernel/libkernel.a(timeout.c.obj)